 decoder

 Timestamp is 4d108bfc (Tue Dec 21 19:14:04 2010)

 Preferred load address is 00400000

 Start         Length     Name                   Class
 0001:00000000 00035a59H .textbss                DATA
 0002:00000000 0006ea62H .text                   CODE
 0002:0006ea70 00001161H .text$x                 CODE
 0003:00000000 00000104H .CRT$XCA                DATA
 0003:00000104 00000104H .CRT$XCZ                DATA
 0003:00000208 00000104H .CRT$XIA                DATA
 0003:0000030c 00000113H .CRT$XIC                DATA
 0003:00000420 00000104H .CRT$XIY                DATA
 0003:00000524 00000104H .CRT$XIZ                DATA
 0003:00000628 00000104H .CRT$XPA                DATA
 0003:0000072c 00000109H .CRT$XPX                DATA
 0003:00000838 00000104H .CRT$XPXA               DATA
 0003:0000093c 00000104H .CRT$XPZ                DATA
 0003:00000a40 00000104H .CRT$XTA                DATA
 0003:00000b44 00000104H .CRT$XTZ                DATA
 0003:00000c50 00013922H .rdata                  DATA
 0003:00014574 00000197H .rdata$debug            DATA
 0003:0001470c 0000032fH .rdata$r                DATA
 0003:00014a3c 00000104H .rtc$IAA                DATA
 0003:00014b40 00000109H .rtc$IMZ                DATA
 0003:00014c4c 00000104H .rtc$IZZ                DATA
 0003:00014d50 00000104H .rtc$TAA                DATA
 0003:00014e54 00000109H .rtc$TMZ                DATA
 0003:00014f60 00000104H .rtc$TZZ                DATA
 0003:00015068 000012aaH .xdata$x                DATA
 0003:00016312 00000000H .edata                  DATA
 0004:00000000 00001aa5H .data                   DATA
 0004:00001ac0 000023c4H .bss                    DATA
 0005:00000000 00000028H .idata$2                DATA
 0005:00000028 00000014H .idata$3                DATA
 0005:0000003c 00000264H .idata$4                DATA
 0005:000002a0 00000264H .idata$5                DATA
 0005:00000504 00000a17H .idata$6                DATA
 0006:00000000 00000169H .rsrc$01                DATA
 0006:00000170 00000a99H .rsrc$02                DATA

  Address         Publics by Value              Rva+Base       Lib:Object

 0000:00000000       ___safe_se_handler_table   00000000     <absolute>
 0000:00000000       __except_list              00000000     <absolute>
 0000:00000000       ___safe_se_handler_count   00000000     <absolute>
 0000:00000000       ___ImageBase               00400000     <linker-defined>
 0001:00000000       __enc$textbss$begin        00401000     <linker-defined>
 0001:00035a59       __enc$textbss$end          00436a59     <linker-defined>
 0002:00002d30       _getopt                    00439d30 f   getopt.obj
 0002:000032f0       _AppMalloc                 0043a2f0 f   main.obj
 0002:00003380       _AppFree                   0043a380 f   main.obj
 0002:000033f0       _AppSysTime                0043a3f0 f   main.obj
 0002:00003420       _AppPrintf                 0043a420 f   main.obj
 0002:000034a0       _main                      0043a4a0 f   main.obj
 0002:0000670a       _WaitForSingleObject@8     0043d70a f   kernel32:KERNEL32.dll
 0002:00006710       _InitializeCriticalSection@4 0043d710 f   kernel32:KERNEL32.dll
 0002:00006716       _DeleteCriticalSection@4   0043d716 f   kernel32:KERNEL32.dll
 0002:0000671c       _GetCurrentThreadId@0      0043d71c f   kernel32:KERNEL32.dll
 0002:00006722       _EnterCriticalSection@4    0043d722 f   kernel32:KERNEL32.dll
 0002:00006728       _LeaveCriticalSection@4    0043d728 f   kernel32:KERNEL32.dll
 0002:0000672e       _IMedia_SetSysInfo         0043d72e f   hwmedia:hwmedia.dll
 0002:00006734       _IMedia_Viddec_Control     0043d734 f   hwmedia:hwmedia.dll
 0002:0000673a       _IMedia_Viddec_Create      0043d73a f   hwmedia:hwmedia.dll
 0002:00006740       _IMedia_Viddec_QueryMemSize 0043d740 f   hwmedia:hwmedia.dll
 0002:00006746       _IMedia_Viddec_ProbeHeader 0043d746 f   hwmedia:hwmedia.dll
 0002:0000674c       _IMedia_Viddec_FrameDecode 0043d74c f   hwmedia:hwmedia.dll
 0002:00006752       _IMedia_OS_Milliseconds    0043d752 f   hwmedia:hwmedia.dll
 0002:00006758       _IMedia_Viddec_FrameParse  0043d758 f   hwmedia:hwmedia.dll
 0002:0000675e       _IMedia_Viddec_Delete      0043d75e f   hwmedia:hwmedia.dll
 0002:00006780       _strchr                    0043d780 f   LIBCMTD:strchr.obj
 0002:00006786       ___from_strstr_to_strchr   0043d786     LIBCMTD:strchr.obj
 0002:00006880       __wassert                  0043d880 f   LIBCMTD:wassert.obj
 0002:000076f0       __invoke_watson_if_error   0043e6f0 f i LIBCMTD:wassert.obj
 0002:00007780       __RTC_CheckEsp             0043e780 f   LIBCMTD:_stack_.obj
 0002:000077b0       @_RTC_CheckStackVars@8     0043e7b0 f   LIBCMTD:_stack_.obj
 0002:00007830       @_RTC_AllocaHelper@12      0043e830 f   LIBCMTD:_stack_.obj
 0002:00007870       @_RTC_CheckStackVars2@12   0043e870 f   LIBCMTD:_stack_.obj
 0002:00007980       __RTC_InitBase             0043e980 f   LIBCMTD:_init_.obj
 0002:000079c0       __RTC_Shutdown             0043e9c0 f   LIBCMTD:_init_.obj
 0002:000079e0       _fprintf                   0043e9e0 f   LIBCMTD:fprintf.obj
 0002:00007d30       __fprintf_l                0043ed30 f   LIBCMTD:fprintf.obj
 0002:00007d70       __fprintf_s_l              0043ed70 f   LIBCMTD:fprintf.obj
 0002:00007db0       _fprintf_s                 0043edb0 f   LIBCMTD:fprintf.obj
 0002:00007de0       __fprintf_p_l              0043ede0 f   LIBCMTD:fprintf.obj
 0002:00007e20       __fprintf_p                0043ee20 f   LIBCMTD:fprintf.obj
 0002:00007e50       ___iob_func                0043ee50 f   LIBCMTD:_file.obj
 0002:00007e60       ___initstdio               0043ee60 f   LIBCMTD:_file.obj
 0002:00008000       ___endstdio                0043f000 f   LIBCMTD:_file.obj
 0002:00008040       __lock_file                0043f040 f   LIBCMTD:_file.obj
 0002:000080b0       __lock_file2               0043f0b0 f   LIBCMTD:_file.obj
 0002:00008100       __unlock_file              0043f100 f   LIBCMTD:_file.obj
 0002:00008170       __unlock_file2             0043f170 f   LIBCMTD:_file.obj
 0002:000081c0       __malloc_dbg               0043f1c0 f   LIBCMTD:dbgheap.obj
 0002:00008200       __nh_malloc                0043f200 f   LIBCMTD:dbgheap.obj
 0002:00008230       __nh_malloc_dbg            0043f230 f   LIBCMTD:dbgheap.obj
 0002:00008320       __heap_alloc               0043f320 f   LIBCMTD:dbgheap.obj
 0002:000087e0       __heap_alloc_dbg           0043f7e0 f   LIBCMTD:dbgheap.obj
 0002:00008850       __calloc_dbg_impl          0043f850 f   LIBCMTD:dbgheap.obj
 0002:00008950       __calloc_dbg               0043f950 f   LIBCMTD:dbgheap.obj
 0002:000089c0       __recalloc                 0043f9c0 f   LIBCMTD:dbgheap.obj
 0002:00008a00       __realloc_dbg              0043fa00 f   LIBCMTD:dbgheap.obj
 0002:00009240       __recalloc_dbg             00440240 f   LIBCMTD:dbgheap.obj
 0002:00009380       __expand                   00440380 f   LIBCMTD:dbgheap.obj
 0002:000093b0       __expand_dbg               004403b0 f   LIBCMTD:dbgheap.obj
 0002:00009500       __free_nolock              00440500 f   LIBCMTD:dbgheap.obj
 0002:00009520       __free_dbg                 00440520 f   LIBCMTD:dbgheap.obj
 0002:000095c0       __free_dbg_nolock          004405c0 f   LIBCMTD:dbgheap.obj
 0002:00009be0       __msize                    00440be0 f   LIBCMTD:dbgheap.obj
 0002:00009c00       __msize_dbg                00440c00 f   LIBCMTD:dbgheap.obj
 0002:00009e60       __CrtSetBreakAlloc         00440e60 f   LIBCMTD:dbgheap.obj
 0002:00009e90       __CrtSetDbgBlockType       00440e90 f   LIBCMTD:dbgheap.obj
 0002:00009fb0       __CrtSetAllocHook          00440fb0 f   LIBCMTD:dbgheap.obj
 0002:00009fe0       __CrtGetAllocHook          00440fe0 f   LIBCMTD:dbgheap.obj
 0002:0000a050       __CrtCheckMemory           00441050 f   LIBCMTD:dbgheap.obj
 0002:0000a5c0       __CrtSetDbgFlag            004415c0 f   LIBCMTD:dbgheap.obj
 0002:0000a760       __CrtDoForAllClientObjects 00441760 f   LIBCMTD:dbgheap.obj
 0002:0000a8d0       __CrtIsValidPointer        004418d0 f   LIBCMTD:dbgheap.obj
 0002:0000a8f0       __CrtIsValidHeapPointer    004418f0 f   LIBCMTD:dbgheap.obj
 0002:0000a9b0       __CrtIsMemoryBlock         004419b0 f   LIBCMTD:dbgheap.obj
 0002:0000ab80       __CrtReportBlockType       00441b80 f   LIBCMTD:dbgheap.obj
 0002:0000abc0       __CrtSetDumpClient         00441bc0 f   LIBCMTD:dbgheap.obj
 0002:0000abf0       __CrtGetDumpClient         00441bf0 f   LIBCMTD:dbgheap.obj
 0002:0000ac00       __CrtMemCheckpoint         00441c00 f   LIBCMTD:dbgheap.obj
 0002:0000aea0       __CrtMemDifference         00441ea0 f   LIBCMTD:dbgheap.obj
 0002:0000b140       __CrtMemDumpAllObjectsSince 00442140 f   LIBCMTD:dbgheap.obj
 0002:0000b190       ??0_LocaleUpdate@@QAE@PAUlocaleinfo_struct@@@Z 00442190 f i LIBCMTD:dbgheap.obj
 0002:0000b2a0       ??1_LocaleUpdate@@QAE@XZ   004422a0 f i LIBCMTD:dbgheap.obj
 0002:0000b2e0       ?GetLocaleT@_LocaleUpdate@@QAEPAUlocaleinfo_struct@@XZ 004422e0 f i LIBCMTD:dbgheap.obj
 0002:0000b8e0       __invoke_watson_if_oneof   004428e0 f i LIBCMTD:dbgheap.obj
 0002:0000b940       __CrtDumpMemoryLeaks       00442940 f   LIBCMTD:dbgheap.obj
 0002:0000b9d0       __CrtMemDumpStatistics     004429d0 f   LIBCMTD:dbgheap.obj
 0002:0000bb20       __aligned_malloc           00442b20 f   LIBCMTD:dbgheap.obj
 0002:0000bb50       __aligned_malloc_dbg       00442b50 f   LIBCMTD:dbgheap.obj
 0002:0000bb80       __aligned_realloc          00442b80 f   LIBCMTD:dbgheap.obj
 0002:0000bbb0       __aligned_recalloc         00442bb0 f   LIBCMTD:dbgheap.obj
 0002:0000bbe0       __aligned_realloc_dbg      00442be0 f   LIBCMTD:dbgheap.obj
 0002:0000bc10       __aligned_recalloc_dbg     00442c10 f   LIBCMTD:dbgheap.obj
 0002:0000bc50       __aligned_offset_malloc    00442c50 f   LIBCMTD:dbgheap.obj
 0002:0000bc80       __aligned_offset_malloc_dbg 00442c80 f   LIBCMTD:dbgheap.obj
 0002:0000be90       __aligned_offset_realloc   00442e90 f   LIBCMTD:dbgheap.obj
 0002:0000bec0       __aligned_offset_recalloc  00442ec0 f   LIBCMTD:dbgheap.obj
 0002:0000bef0       __aligned_offset_realloc_dbg 00442ef0 f   LIBCMTD:dbgheap.obj
 0002:0000c270       __aligned_offset_recalloc_dbg 00443270 f   LIBCMTD:dbgheap.obj
 0002:0000c3c0       __aligned_free             004433c0 f   LIBCMTD:dbgheap.obj
 0002:0000c3e0       __aligned_free_dbg         004433e0 f   LIBCMTD:dbgheap.obj
 0002:0000c4c0       __CrtSetDebugFillThreshold 004434c0 f   LIBCMTD:dbgheap.obj
 0002:0000c4f0       __CrtSetCheckCount         004434f0 f   LIBCMTD:dbgheap.obj
 0002:0000c510       __CrtGetCheckCount         00443510 f   LIBCMTD:dbgheap.obj
 0002:0000c520       __aligned_msize            00443520 f   LIBCMTD:dbgheap.obj
 0002:0000c550       __aligned_msize_dbg        00443550 f   LIBCMTD:dbgheap.obj
 0002:0000c6a0       _printf                    004436a0 f   LIBCMTD:printf.obj
 0002:0000c830       __printf_l                 00443830 f   LIBCMTD:printf.obj
 0002:0000c860       __printf_s_l               00443860 f   LIBCMTD:printf.obj
 0002:0000c890       _printf_s                  00443890 f   LIBCMTD:printf.obj
 0002:0000c8c0       __printf_p_l               004438c0 f   LIBCMTD:printf.obj
 0002:0000c8f0       __printf_p                 004438f0 f   LIBCMTD:printf.obj
 0002:0000c920       __set_printf_count_output  00443920 f   LIBCMTD:printf.obj
 0002:0000c980       __get_printf_count_output  00443980 f   LIBCMTD:printf.obj
 0002:0000c9b0       _memset                    004439b0 f   LIBCMTD:memset.obj
 0002:0000ca50       __initp_misc_winsig        00443a50 f   LIBCMTD:winsig.obj
 0002:0000ca90       _signal                    00443a90 f   LIBCMTD:winsig.obj
 0002:0000d060       _raise                     00444060 f   LIBCMTD:winsig.obj
 0002:0000d4b0       ___get_sigabrt             004444b0 f   LIBCMTD:winsig.obj
 0002:0000d4d0       ___fpecode                 004444d0 f   LIBCMTD:winsig.obj
 0002:0000d4f0       ___pxcptinfoptrs           004444f0 f   LIBCMTD:winsig.obj
 0002:0000d510       @__security_check_cookie@4 00444510 f   LIBCMTD:secchk.obj
 0002:0000d530       __alloca_probe             00444530     LIBCMTD:chkstk.obj
 0002:0000d530       __chkstk                   00444530 f   LIBCMTD:chkstk.obj
 0002:0000d570       __beginthreadex            00444570 f   LIBCMTD:threadex.obj
 0002:0000d8b0       __endthreadex              004448b0 f   LIBCMTD:threadex.obj
 0002:0000d920       _atol                      00444920 f   LIBCMTD:atox.obj
 0002:0000d940       __atol_l                   00444940 f   LIBCMTD:atox.obj
 0002:0000d970       _atoi                      00444970 f   LIBCMTD:atox.obj
 0002:0000d990       __atoi_l                   00444990 f   LIBCMTD:atox.obj
 0002:0000d9b0       __atoi64                   004449b0 f   LIBCMTD:atox.obj
 0002:0000d9d0       __atoi64_l                 004449d0 f   LIBCMTD:atox.obj
 0002:0000da00       _sscanf                    00444a00 f   LIBCMTD:sscanf.obj
 0002:0000dbd0       __sscanf_l                 00444bd0 f   LIBCMTD:sscanf.obj
 0002:0000dc10       _sscanf_s                  00444c10 f   LIBCMTD:sscanf.obj
 0002:0000dc50       __sscanf_s_l               00444c50 f   LIBCMTD:sscanf.obj
 0002:0000dc90       _strcpy                    00444c90 f   LIBCMTD:strcat.obj
 0002:0000dca0       _strcat                    00444ca0 f   LIBCMTD:strcat.obj
 0002:0000ddd0       __crt_waiting_on_module_handle 00444dd0 f   LIBCMTD:crt0dat.obj
 0002:0000de40       __cinit                    00444e40 f   LIBCMTD:crt0dat.obj
 0002:0000df10       _exit                      00444f10 f   LIBCMTD:crt0dat.obj
 0002:0000df30       __exit                     00444f30 f   LIBCMTD:crt0dat.obj
 0002:0000df50       __cexit                    00444f50 f   LIBCMTD:crt0dat.obj
 0002:0000df70       __c_exit                   00444f70 f   LIBCMTD:crt0dat.obj
 0002:0000df90       __amsg_exit                00444f90 f   LIBCMTD:crt0dat.obj
 0002:0000dfe0       ___freeCrtMemory           00444fe0 f   LIBCMTD:crt0dat.obj
 0002:0000e400       ___crtCorExitProcess       00445400 f   LIBCMTD:crt0dat.obj
 0002:0000e450       ___crtExitProcess          00445450 f   LIBCMTD:crt0dat.obj
 0002:0000e480       __lockexit                 00445480 f   LIBCMTD:crt0dat.obj
 0002:0000e4a0       __unlockexit               004454a0 f   LIBCMTD:crt0dat.obj
 0002:0000e4c0       __init_pointers            004454c0 f   LIBCMTD:crt0dat.obj
 0002:0000e5b0       __initterm_e               004455b0 f   LIBCMTD:crt0dat.obj
 0002:0000e600       __get_wpgmptr              00445600 f   LIBCMTD:crt0dat.obj
 0002:0000e730       __get_pgmptr               00445730 f   LIBCMTD:crt0dat.obj
 0002:0000e860       _fflush                    00445860 f   LIBCMTD:fflush.obj
 0002:0000e920       __fflush_nolock            00445920 f   LIBCMTD:fflush.obj
 0002:0000e990       __flush                    00445990 f   LIBCMTD:fflush.obj
 0002:0000ea80       __flushall                 00445a80 f   LIBCMTD:fflush.obj
 0002:0000ecb0       __fpmath                   00445cb0 f   LIBCMTD:_fpinit_.obj
 0002:0000ece0       __fpclear                  00445ce0 f   LIBCMTD:_fpinit_.obj
 0002:0000ecf0       __cfltcvt_init             00445cf0 f   LIBCMTD:_fpinit_.obj
 0002:0000ed80       ___setfflag                00445d80 f   LIBCMTD:_fpinit_.obj
 0002:0000edb0       _fclose                    00445db0 f   LIBCMTD:fclose.obj
 0002:0000ef00       __fclose_nolock            00445f00 f   LIBCMTD:fclose.obj
 0002:0000f040       _strlen                    00446040 f   LIBCMTD:strlen.obj
 0002:0000f0f0       _fseek                     004460f0 f   LIBCMTD:fseek.obj
 0002:0000f2c0       __fseek_nolock             004462c0 f   LIBCMTD:fseek.obj
 0002:0000f3e0       __fsopen                   004463e0 f   LIBCMTD:fopen.obj
 0002:0000f670       _fopen                     00446670 f   LIBCMTD:fopen.obj
 0002:0000f690       _fopen_s                   00446690 f   LIBCMTD:fopen.obj
 0002:0000f760       _fwrite                    00446760 f   LIBCMTD:fwrite.obj
 0002:0000f8b0       __fwrite_nolock            004468b0 f   LIBCMTD:fwrite.obj
 0002:0000fd70       _memcpy                    00446d70 f   LIBCMTD:memcpy.obj
 0002:000101b0       _fread_s                   004471b0 f   LIBCMTD:fread.obj
 0002:00010330       __fread_nolock_s           00447330 f   LIBCMTD:fread.obj
 0002:00010a80       _fread                     00447a80 f   LIBCMTD:fread.obj
 0002:00010ab0       __fread_nolock             00447ab0 f   LIBCMTD:fread.obj
 0002:00010ae0       _mainCRTStartup            00447ae0 f   LIBCMTD:crt0.obj
 0002:00010de0       ___crtMessageBoxW          00447de0 f   LIBCMTD:crtmboxw.obj
 0002:00011090       __itow_s                   00448090 f   LIBCMTD:xtows.obj
 0002:00011560       __ltow_s                   00448560 f   LIBCMTD:xtows.obj
 0002:000115b0       __ultow_s                  004485b0 f   LIBCMTD:xtows.obj
 0002:000115e0       __i64tow_s                 004485e0 f   LIBCMTD:xtows.obj
 0002:00011b00       __ui64tow_s                00448b00 f   LIBCMTD:xtows.obj
 0002:00011b30       _wcsncat_s                 00448b30 f   LIBCMTD:wcsncat_s.obj
 0002:00012110       _wcsncpy_s                 00449110 f   LIBCMTD:wcsncpy_s.obj
 0002:00012620       _wcscat_s                  00449620 f   LIBCMTD:wcscat_s.obj
 0002:00012b00       _wcscpy_s                  00449b00 f   LIBCMTD:wcscpy_s.obj
 0002:00012ea0       _fwprintf                  00449ea0 f   LIBCMTD:fwprintf.obj
 0002:00013080       __fwprintf_l               0044a080 f   LIBCMTD:fwprintf.obj
 0002:000130c0       __fwprintf_s_l             0044a0c0 f   LIBCMTD:fwprintf.obj
 0002:00013100       _fwprintf_s                0044a100 f   LIBCMTD:fwprintf.obj
 0002:00013130       __fwprintf_p_l             0044a130 f   LIBCMTD:fwprintf.obj
 0002:00013170       __fwprintf_p               0044a170 f   LIBCMTD:fwprintf.obj
 0002:000131a0       _setvbuf                   0044a1a0 f   LIBCMTD:setvbuf.obj
 0002:00013530       _abort                     0044a530 f   LIBCMTD:abort.obj
 0002:000136b0       __set_abort_behavior       0044a6b0 f   LIBCMTD:abort.obj
 0002:000136f0       _wcslen                    0044a6f0 f   LIBCMTD:wcslen.obj
 0002:00013730       __set_error_mode           0044a730 f   LIBCMTD:errmode.obj
 0002:00013820       ___set_app_type            0044a820 f   LIBCMTD:errmode.obj
 0002:00013840       ___get_app_type            0044a840 f   LIBCMTD:errmode.obj
 0002:00013850       __initp_misc_invarg        0044a850 f   LIBCMTD:invarg.obj
 0002:00013870       __invalid_parameter        0044a870 f   LIBCMTD:invarg.obj
 0002:00013900       __invoke_watson            0044a900 f   LIBCMTD:invarg.obj
 0002:00013aa0       __set_invalid_parameter_handler 0044aaa0 f   LIBCMTD:invarg.obj
 0002:00013b00       __get_invalid_parameter_handler 0044ab00 f   LIBCMTD:invarg.obj
 0002:00013b40       ?_invalid_parameter@@YAXPBG00II@Z 0044ab40 f   LIBCMTD:invarg.obj
 0002:00013b70       ?_invoke_watson@@YAXPBG00II@Z 0044ab70 f   LIBCMTD:invarg.obj
 0002:00013ba0       __vswprintf_helper         0044aba0 f   LIBCMTD:vswprnc.obj
 0002:00013e60       __vswprintf_c              0044ae60 f   LIBCMTD:vswprnc.obj
 0002:00013ec0       __vswprintf_c_l            0044aec0 f   LIBCMTD:vswprnc.obj
 0002:00013f20       __vswprintf_s_l            0044af20 f   LIBCMTD:vswprnc.obj
 0002:00014220       _vswprintf_s               0044b220 f   LIBCMTD:vswprnc.obj
 0002:00014250       __vsnwprintf_s_l           0044b250 f   LIBCMTD:vswprnc.obj
 0002:000146f0       __vsnwprintf_s             0044b6f0 f   LIBCMTD:vswprnc.obj
 0002:00014720       __vswprintf_p              0044b720 f   LIBCMTD:vswprnc.obj
 0002:00014780       __vswprintf_p_l            0044b780 f   LIBCMTD:vswprnc.obj
 0002:000147e0       _DebuggerKnownHandle       0044b7e0 f   LIBCMTD:_error_.obj
 0002:000148c0       ?_RTC_Failure@@YAXPAXH@Z   0044b8c0 f   LIBCMTD:_error_.obj
 0002:00014c90       ?_RTC_StackFailure@@YAXPAXPBD@Z 0044bc90 f   LIBCMTD:_error_.obj
 0002:00014dd0       ?_RTC_AllocaFailure@@YAXPAXPAU_RTC_ALLOCA_NODE@@H@Z 0044bdd0 f   LIBCMTD:_error_.obj
 0002:00014fe0       __RTC_UninitUse            0044bfe0 f   LIBCMTD:_error_.obj
 0002:00015110       __RTC_NumErrors            0044c110 f   LIBCMTD:_userapi_.obj
 0002:00015120       __RTC_GetErrDesc           0044c120 f   LIBCMTD:_userapi_.obj
 0002:00015140       __RTC_SetErrorType         0044c140 f   LIBCMTD:_userapi_.obj
 0002:00015170       __RTC_SetErrorFunc         0044c170 f   LIBCMTD:_userapi_.obj
 0002:000151a0       __RTC_SetErrorFuncW        0044c1a0 f   LIBCMTD:_userapi_.obj
 0002:000151d0       ?_RTC_GetErrorFunc@@YAP6AHHPBDH00ZZPBX@Z 0044c1d0 f   LIBCMTD:_userapi_.obj
 0002:000151e0       ?_RTC_GetErrorFuncW@@YAP6AHHPB_WH00ZZPBX@Z 0044c1e0 f   LIBCMTD:_userapi_.obj
 0002:000151f0       __chkesp                   0044c1f0 f   LIBCMTD:chkesp.obj
 0002:00015240       __CRT_RTC_INIT             0044c240 f   LIBCMTD:chkesp.obj
 0002:00015250       __CRT_RTC_INITW            0044c250 f   LIBCMTD:chkesp.obj
 0002:00015260       __stbuf                    0044c260 f   LIBCMTD:_sftbuf.obj
 0002:00015410       __ftbuf                    0044c410 f   LIBCMTD:_sftbuf.obj
 0002:000154c0       __output_l                 0044c4c0 f   LIBCMTD:output.obj
 0002:00016e00       _get_int_arg               0044de00 f i LIBCMTD:output.obj
 0002:00016e30       _get_int64_arg             0044de30 f i LIBCMTD:output.obj
 0002:00016e60       _get_short_arg             0044de60 f i LIBCMTD:output.obj
 0002:00016e90       __ioinit                   0044de90 f   LIBCMTD:ioinit.obj
 0002:00017460       __ioterm                   0044e460 f   LIBCMTD:ioinit.obj
 0002:00017530       __fileno                   0044e530 f   LIBCMTD:fileno.obj
 0002:000175c0       __dosmaperr                0044e5c0 f   LIBCMTD:dosmap.obj
 0002:00017600       __get_errno_from_oserr     0044e600 f   LIBCMTD:dosmap.obj
 0002:000176a0       __set_errno                0044e6a0 f   LIBCMTD:dosmap.obj
 0002:000176e0       __get_errno                0044e6e0 f   LIBCMTD:dosmap.obj
 0002:00017780       __set_doserrno             0044e780 f   LIBCMTD:dosmap.obj
 0002:000177c0       __get_doserrno             0044e7c0 f   LIBCMTD:dosmap.obj
 0002:00017860       __errno                    0044e860 f   LIBCMTD:dosmap.obj
 0002:00017890       ___doserrno                0044e890 f   LIBCMTD:dosmap.obj
 0002:000178c0       __CrtSetReportHookW2       0044e8c0 f   LIBCMTD:dbgrptw.obj
 0002:00017cb0       __CrtDbgReportW            0044ecb0 f   LIBCMTD:dbgrptw.obj
 0002:00017d00       __CrtDbgReportWV           0044ed00 f i LIBCMTD:dbgrptw.obj
 0002:00017d30       ___crtMessageWindowW       0044ed30 f   LIBCMTD:dbgrptw.obj
 0002:00018230       ?_CrtDbgReportW@@YAHHPBGH00ZZ 0044f230 f   LIBCMTD:dbgrptw.obj
 0002:00018280       __except_handler4          0044f280 f   LIBCMTD:chandler4.obj
 0002:00018530       _vfprintf_helper           0044f530 f   LIBCMTD:vfprintf.obj
 0002:00018870       __vfprintf_l               0044f870 f   LIBCMTD:vfprintf.obj
 0002:000188a0       __vfprintf_s_l             0044f8a0 f   LIBCMTD:vfprintf.obj
 0002:000188d0       __vfprintf_p_l             0044f8d0 f   LIBCMTD:vfprintf.obj
 0002:00018900       _vfprintf                  0044f900 f   LIBCMTD:vfprintf.obj
 0002:00018930       _vfprintf_s                0044f930 f   LIBCMTD:vfprintf.obj
 0002:00018960       __vfprintf_p               0044f960 f   LIBCMTD:vfprintf.obj
 0002:00018990       __fcloseall                0044f990 f   LIBCMTD:closeall.obj
 0002:00018b10       __mtinitlocks              0044fb10 f   LIBCMTD:mlock.obj
 0002:00018bc0       __mtdeletelocks            0044fbc0 f   LIBCMTD:mlock.obj
 0002:00018cb0       __mtinitlocknum            0044fcb0 f   LIBCMTD:mlock.obj
 0002:00018e50       __lock                     0044fe50 f   LIBCMTD:mlock.obj
 0002:00018ea0       __unlock                   0044fea0 f   LIBCMTD:mlock.obj
 0002:00018ec0       __lockerr_exit             0044fec0 f   LIBCMTD:mlock.obj
 0002:00018ef0       __initp_heap_handler       0044fef0 f   LIBCMTD:handler.obj
 0002:00018f10       ?_set_new_handler@@YAP6AHI@ZP6AHI@Z@Z 0044ff10 f   LIBCMTD:handler.obj
 0002:00018f70       ?_set_new_handler@@YAP6AHI@ZH@Z 0044ff70 f   LIBCMTD:handler.obj
 0002:00018fc0       ?_query_new_handler@@YAP6AHI@ZXZ 0044ffc0 f   LIBCMTD:handler.obj
 0002:00018fe0       __callnewh                 0044ffe0 f   LIBCMTD:handler.obj
 0002:00019030       _V6_HeapAlloc              00450030 f   LIBCMTD:malloc.obj
 0002:000190f0       __malloc_base              004500f0 f   LIBCMTD:malloc.obj
 0002:000191a0       __heap_alloc_base          004501a0 f i LIBCMTD:malloc.obj
 0002:00019290       __CrtSetReportHook2        00450290 f   LIBCMTD:dbgrpt.obj
 0002:00019680       __CrtDbgReport             00450680 f   LIBCMTD:dbgrpt.obj
 0002:000196d0       __CrtDbgReportV            004506d0 f i LIBCMTD:dbgrpt.obj
 0002:00019700       ___crtMessageWindowA       00450700 f   LIBCMTD:dbgrpt.obj
 0002:00019c00       __CrtDefaultAllocHook      00450c00 f   LIBCMTD:dbghook.obj
 0002:00019c10       __crt_debugger_hook        00450c10 f   LIBCMTD:dbghook.obj
 0002:00019c30       __expand_base              00450c30 f   LIBCMTD:expand.obj
 0002:00019fb0       __realloc_base             00450fb0 f   LIBCMTD:realloc.obj
 0002:0001a430       __free_base                00451430 f   LIBCMTD:free.obj
 0002:0001a5a0       __heapchk                  004515a0 f   LIBCMTD:heapchk.obj
 0002:0001a6b0       __heapset                  004516b0 f   LIBCMTD:heapchk.obj
 0002:0001a6c0       ___heap_select             004516c0 f   LIBCMTD:heapinit.obj
 0002:0001a6e0       __heap_init                004516e0 f   LIBCMTD:heapinit.obj
 0002:0001a780       __heap_term                00451780 f   LIBCMTD:heapinit.obj
 0002:0001a850       __get_heap_handle          00451850 f   LIBCMTD:heapinit.obj
 0002:0001a8a0       __get_sbh_threshold        004518a0 f   LIBCMTD:sbheap.obj
 0002:0001a900       __set_sbh_threshold        00451900 f   LIBCMTD:sbheap.obj
 0002:0001ab00       __set_amblksiz             00451b00 f   LIBCMTD:sbheap.obj
 0002:0001ac50       __get_amblksiz             00451c50 f   LIBCMTD:sbheap.obj
 0002:0001ad80       ___sbh_heap_init           00451d80 f   LIBCMTD:sbheap.obj
 0002:0001ae00       ___sbh_find_block          00451e00 f   LIBCMTD:sbheap.obj
 0002:0001ae70       ___sbh_verify_block        00451e70 f   LIBCMTD:sbheap.obj
 0002:0001aee0       ___sbh_free_block          00451ee0 f   LIBCMTD:sbheap.obj
 0002:0001b610       ___sbh_alloc_block         00452610 f   LIBCMTD:sbheap.obj
 0002:0001bc80       ___sbh_alloc_new_region    00452c80 f   LIBCMTD:sbheap.obj
 0002:0001bde0       ___sbh_alloc_new_group     00452de0 f   LIBCMTD:sbheap.obj
 0002:0001c050       ___sbh_resize_block        00453050 f   LIBCMTD:sbheap.obj
 0002:0001c790       ___sbh_heapmin             00453790 f   LIBCMTD:sbheap.obj
 0002:0001c910       ___sbh_heap_check          00453910 f   LIBCMTD:sbheap.obj
 0002:0001cf40       ___updatetmbcinfo          00453f40 f   LIBCMTD:mbctype.obj
 0002:0001d090       __setmbcp                  00454090 f   LIBCMTD:mbctype.obj
 0002:0001d520       __setmbcp_nolock           00454520 f   LIBCMTD:mbctype.obj
 0002:0001df00       __getmbcp                  00454f00 f   LIBCMTD:mbctype.obj
 0002:0001df90       ___initmbctable            00454f90 f   LIBCMTD:mbctype.obj
 0002:0001dfc0       ____setlc_active_func      00454fc0 f   LIBCMTD:setlocal.obj
 0002:0001dfd0       ____unguarded_readlc_active_add_func 00454fd0 f   LIBCMTD:setlocal.obj
 0002:0001dfe0       ___freetlocinfo            00454fe0 f   LIBCMTD:setlocal.obj
 0002:0001e380       ___addlocaleref            00455380 f   LIBCMTD:setlocal.obj
 0002:0001e4f0       ___removelocaleref         004554f0 f   LIBCMTD:setlocal.obj
 0002:0001e670       ___updatetlocinfo          00455670 f   LIBCMTD:setlocal.obj
 0002:0001e810       __configthreadlocale       00455810 f   LIBCMTD:setlocal.obj
 0002:0001e960       __locterm                  00455960 f   LIBCMTD:setlocal.obj
 0002:0001ea20       __free_locale              00455a20 f   LIBCMTD:setlocal.obj
 0002:0001ebb0       ___free_locale             00455bb0 f   LIBCMTD:setlocal.obj
 0002:0001ebd0       __create_locale            00455bd0 f   LIBCMTD:setlocal.obj
 0002:0001ee80       ___create_locale           00455e80 f   LIBCMTD:setlocal.obj
 0002:0001eea0       __get_current_locale       00455ea0 f   LIBCMTD:setlocal.obj
 0002:0001f000       ___get_current_locale      00456000 f   LIBCMTD:setlocal.obj
 0002:0001f010       _setlocale                 00456010 f   LIBCMTD:setlocal.obj
 0002:000202e0       __expandlocale             004572e0 f   LIBCMTD:setlocal.obj
 0002:00020630       ___init_dummy              00457630 f   LIBCMTD:setlocal.obj
 0002:00020640       __strcats                  00457640 f   LIBCMTD:setlocal.obj
 0002:000206e0       ___lc_strtolc              004576e0 f   LIBCMTD:setlocal.obj
 0002:00020960       ___lc_lctostr              00457960 f   LIBCMTD:setlocal.obj
 0002:00020a20       __encode_pointer           00457a20 f   LIBCMTD:tidtable.obj
 0002:00020ae0       __crt_wait_module_handle   00457ae0 f i LIBCMTD:tidtable.obj
 0002:00020b20       __encoded_null             00457b20 f   LIBCMTD:tidtable.obj
 0002:00020b40       __decode_pointer           00457b40 f   LIBCMTD:tidtable.obj
 0002:00020c00       ___crtTlsAlloc@4           00457c00 f   LIBCMTD:tidtable.obj
 0002:00020c20       ___fls_getvalue@4          00457c20 f   LIBCMTD:tidtable.obj
 0002:00020c50       ___get_flsindex            00457c50 f   LIBCMTD:tidtable.obj
 0002:00020c60       ___set_flsgetvalue         00457c60 f   LIBCMTD:tidtable.obj
 0002:00020cc0       ___fls_setvalue@8          00457cc0 f   LIBCMTD:tidtable.obj
 0002:00020cf0       __mtinit                   00457cf0 f   LIBCMTD:tidtable.obj
 0002:00020f80       __mtterm                   00457f80 f   LIBCMTD:tidtable.obj
 0002:00020ff0       __initptd                  00457ff0 f   LIBCMTD:tidtable.obj
 0002:000211a0       __getptd_noexit            004581a0 f   LIBCMTD:tidtable.obj
 0002:00021290       __getptd                   00458290 f   LIBCMTD:tidtable.obj
 0002:000212c0       __freefls@4                004582c0 f   LIBCMTD:tidtable.obj
 0002:00021550       __freeptd                  00458550 f   LIBCMTD:tidtable.obj
 0002:000215f0       ___threadid                004585f0 f   LIBCMTD:tidtable.obj
 0002:00021600       ___threadhandle            00458600 f   LIBCMTD:tidtable.obj
 0002:00021610       _sprintf                   00458610 f   LIBCMTD:sprintf.obj
 0002:000217f0       __sprintf_l                004587f0 f   LIBCMTD:sprintf.obj
 0002:00021830       _sprintf_s                 00458830 f   LIBCMTD:sprintf.obj
 0002:00021870       __sprintf_s_l              00458870 f   LIBCMTD:sprintf.obj
 0002:000218b0       __snprintf_s               004588b0 f   LIBCMTD:sprintf.obj
 0002:000218f0       __snprintf_s_l             004588f0 f   LIBCMTD:sprintf.obj
 0002:00021930       __sprintf_p                00458930 f   LIBCMTD:sprintf.obj
 0002:00021970       __sprintf_p_l              00458970 f   LIBCMTD:sprintf.obj
 0002:000219b0       __scprintf                 004589b0 f   LIBCMTD:sprintf.obj
 0002:000219e0       __scprintf_p               004589e0 f   LIBCMTD:sprintf.obj
 0002:00021a10       __scprintf_l               00458a10 f   LIBCMTD:sprintf.obj
 0002:00021a40       __scprintf_p_l             00458a40 f   LIBCMTD:sprintf.obj
 0002:00021a70       __chvalidator              00458a70 f   LIBCMTD:isctype.obj
 0002:00021ad0       __chvalidator_l            00458ad0 f   LIBCMTD:isctype.obj
 0002:00021bb0       __isctype_l                00458bb0 f   LIBCMTD:isctype.obj
 0002:00021d10       __isctype                  00458d10 f   LIBCMTD:isctype.obj
 0002:00021d60       _vprintf_helper            00458d60 f   LIBCMTD:vprintf.obj
 0002:00021ec0       __vprintf_l                00458ec0 f   LIBCMTD:vprintf.obj
 0002:00021ef0       __vprintf_s_l              00458ef0 f   LIBCMTD:vprintf.obj
 0002:00021f20       __vprintf_p_l              00458f20 f   LIBCMTD:vprintf.obj
 0002:00021f50       _vprintf                   00458f50 f   LIBCMTD:vprintf.obj
 0002:00021f80       _vprintf_s                 00458f80 f   LIBCMTD:vprintf.obj
 0002:00021fb0       __vprintf_p                00458fb0 f   LIBCMTD:vprintf.obj
 0002:00021fe0       __VEC_memzero              00458fe0 f   LIBCMTD:p4_memset.obj
 0002:00022110       __get_sse2_info            00459110 f   LIBCMTD:cpu_disp.obj
 0002:00022280       ___sse2_available_init     00459280 f   LIBCMTD:cpu_disp.obj
 0002:000222a0       __initp_misc_winxfltr      004592a0 f   LIBCMTD:winxfltr.obj
 0002:000222b0       ___CppXcptFilter           004592b0 f   LIBCMTD:winxfltr.obj
 0002:000222e0       __XcptFilter               004592e0 f   LIBCMTD:winxfltr.obj
 0002:00022590       ___report_gsfailure        00459590 f   LIBCMTD:gs_report.obj
 0002:000226f0       __ValidateImageBase        004596f0 f   LIBCMTD:pesect.obj
 0002:00022770       __FindPESection            00459770 f   LIBCMTD:pesect.obj
 0002:00022810       __IsNonwritableInCurrentImage 00459810 f   LIBCMTD:pesect.obj
 0002:00022970       _strtol                    00459970 f   LIBCMTD:strtol.obj
 0002:00022ff0       __strtol_l                 00459ff0 f   LIBCMTD:strtol.obj
 0002:00023020       _strtoul                   0045a020 f   LIBCMTD:strtol.obj
 0002:00023080       __strtoul_l                0045a080 f   LIBCMTD:strtol.obj
 0002:000230b0       __strtoi64                 0045a0b0 f   LIBCMTD:strtoq.obj
 0002:00023780       __strtoi64_l               0045a780 f   LIBCMTD:strtoq.obj
 0002:000237b0       __strtoui64                0045a7b0 f   LIBCMTD:strtoq.obj
 0002:00023810       __strtoui64_l              0045a810 f   LIBCMTD:strtoq.obj
 0002:00023840       __input_l                  0045a840 f   LIBCMTD:input.obj
 0002:00025690       __INTRN_LOCALE_CONV        0045c690 f i LIBCMTD:input.obj
 0002:00025800       __input_s_l                0045c800 f   LIBCMTD:inputs.obj
 0002:00027c40       __onexit                   0045ec40 f   LIBCMTD:onexit.obj
 0002:00027e90       _atexit                    0045ee90 f   LIBCMTD:onexit.obj
 0002:00027ec0       ___onexitinit              0045eec0 f   LIBCMTD:onexit.obj
 0002:00027f30       __RTC_Initialize           0045ef30 f   LIBCMTD:_initsect_.obj
 0002:00027f60       __RTC_Terminate            0045ef60 f   LIBCMTD:_initsect_.obj
 0002:00027f90       __initp_misc_cfltcvt_tab   0045ef90 f   LIBCMTD:cmiscdat.obj
 0002:00027ff0       __FF_MSGBANNER             0045eff0 f   LIBCMTD:crt0msg.obj
 0002:00028050       __NMSG_WRITE               0045f050 f   LIBCMTD:crt0msg.obj
 0002:00028390       __GET_RTERRMSG             0045f390 f   LIBCMTD:crt0msg.obj
 0002:000283f0       __initp_eh_hooks           0045f3f0 f   LIBCMTD:hooks.obj
 0002:00028410       ?terminate@@YAXXZ          0045f410 f   LIBCMTD:hooks.obj
 0002:000284b0       ?unexpected@@YAXXZ         0045f4b0 f   LIBCMTD:hooks.obj
 0002:000284e0       ?_inconsistency@@YAXXZ     0045f4e0 f   LIBCMTD:hooks.obj
 0002:00028590       __initp_misc_rand_s        0045f590 f   LIBCMTD:rand_s.obj
 0002:000285b0       _rand_s                    0045f5b0 f   LIBCMTD:rand_s.obj
 0002:00028860       ___getlocaleinfo           0045f860 f   LIBCMTD:inithelp.obj
 0002:00028bb0       __initp_misc_purevirt      0045fbb0 f   LIBCMTD:inithelp.obj
 0002:00028bd0       __initp_misc_initcrit      0045fbd0 f   LIBCMTD:initcrit.obj
 0002:00028bf0       ___crtInitCritSecAndSpinCount 0045fbf0 f   LIBCMTD:initcrit.obj
 0002:00028cc0       __commit                   0045fcc0 f   LIBCMTD:commit.obj
 0002:00028f60       __write                    0045ff60 f   LIBCMTD:write.obj
 0002:00029210       __write_nolock             00460210 f   LIBCMTD:write.obj
 0002:0002a020       __setdefaultprecision      00461020 f   LIBCMTD:fp8.obj
 0002:0002a070       __ms_p5_test_fdiv          00461070 f   LIBCMTD:_testfdiv_.obj
 0002:0002a0d0       __ms_p5_mp_test_fdiv       004610d0 f   LIBCMTD:_testfdiv_.obj
 0002:0002a130       __forcdecpt                00461130 f   LIBCMTD:cvt.obj
 0002:0002a150       __forcdecpt_l              00461150 f   LIBCMTD:cvt.obj
 0002:0002a240       __cropzeros                00461240 f   LIBCMTD:cvt.obj
 0002:0002a260       __cropzeros_l              00461260 f   LIBCMTD:cvt.obj
 0002:0002a3b0       __positive                 004613b0 f   LIBCMTD:cvt.obj
 0002:0002a3f0       __fassign_l                004613f0 f   LIBCMTD:cvt.obj
 0002:0002a460       __fassign                  00461460 f   LIBCMTD:cvt.obj
 0002:0002a490       __cftoe_l                  00461490 f   LIBCMTD:cvt.obj
 0002:0002ab30       __cftoe                    00461b30 f   LIBCMTD:cvt.obj
 0002:0002ab60       __cftoa_l                  00461b60 f   LIBCMTD:cvt.obj
 0002:0002b520       ?strrchr@@YAPADPADH@Z      00462520 f i LIBCMTD:cvt.obj
 0002:0002b540       __cftoa                    00462540 f   LIBCMTD:cvt.obj
 0002:0002b570       __cftof_l                  00462570 f   LIBCMTD:cvt.obj
 0002:0002ba70       __cftof                    00462a70 f   LIBCMTD:cvt.obj
 0002:0002baa0       __cftog_l                  00462aa0 f   LIBCMTD:cvt.obj
 0002:0002bd60       __cftog                    00462d60 f   LIBCMTD:cvt.obj
 0002:0002bd90       __cfltcvt_l                00462d90 f   LIBCMTD:cvt.obj
 0002:0002be80       __cfltcvt                  00462e80 f   LIBCMTD:cvt.obj
 0002:0002bf00       __close                    00462f00 f   LIBCMTD:close.obj
 0002:0002c1a0       __close_nolock             004631a0 f   LIBCMTD:close.obj
 0002:0002c2a0       __freebuf                  004632a0 f   LIBCMTD:_freebuf.obj
 0002:0002c350       __lseek                    00463350 f   LIBCMTD:lseek.obj
 0002:0002c600       __lseek_nolock             00463600 f   LIBCMTD:lseek.obj
 0002:0002c710       _ftell                     00463710 f   LIBCMTD:ftell.obj
 0002:0002c830       __ftell_nolock             00463830 f   LIBCMTD:ftell.obj
 0002:0002cbb0       __openfile                 00463bb0 f   LIBCMTD:_open.obj
 0002:0002d560       __getstream                00464560 f   LIBCMTD:stream.obj
 0002:0002d854       __local_unwind4            00464854 f   LIBCMTD:exsup4.obj
 0002:0002d92a       __seh_longjmp_unwind4@4    0046492a f   LIBCMTD:exsup4.obj
 0002:0002d946       @_EH4_CallFilterFunc@8     00464946 f   LIBCMTD:exsup4.obj
 0002:0002d95d       @_EH4_TransferToHandler@8  0046495d f   LIBCMTD:exsup4.obj
 0002:0002d976       @_EH4_GlobalUnwind@4       00464976 f   LIBCMTD:exsup4.obj
 0002:0002d990       @_EH4_LocalUnwind@16       00464990 f   LIBCMTD:exsup4.obj
 0002:0002da00       __flsbuf                   00464a00 f   LIBCMTD:_flsbuf.obj
 0002:0002dd70       __VEC_memcpy               00464d70 f   LIBCMTD:p4_memcpy.obj
 0002:0002df40       __filbuf                   00464f40 f   LIBCMTD:_filbuf.obj
 0002:0002e220       __read                     00465220 f   LIBCMTD:read.obj
 0002:0002e560       __read_nolock              00465560 f   LIBCMTD:read.obj
 0002:0002f880       _memcpy_s                  00466880 f   LIBCMTD:memcpy_s.obj
 0002:0002fa70       ?__CxxUnhandledExceptionFilter@@YGJPAU_EXCEPTION_POINTERS@@@Z 00466a70 f   LIBCMTD:unhandld.obj
 0002:0002faf0       ___CxxSetUnhandledExceptionFilter 00466af0 f   LIBCMTD:unhandld.obj
 0002:0002fb10       ___security_init_cookie    00466b10 f   LIBCMTD:gs_support.obj
 0002:0002fc30       __setenvp                  00466c30 f   LIBCMTD:stdenvp.obj
 0002:0002fe40       __setargv                  00466e40 f   LIBCMTD:stdargv.obj
 0002:0002ffa0       __set_pgmptr               00466fa0 f i LIBCMTD:stdargv.obj
 0002:00030400       ___crtGetEnvironmentStringsA 00467400 f   LIBCMTD:a_env.obj
 0002:000306a0       __aulldiv                  004676a0 f   LIBCMTD:ulldiv.obj
 0002:00030730       __aullrem                  00467730 f   LIBCMTD:ullrem.obj
 0002:000307d0       __woutput_l                004677d0 f   LIBCMTD:woutput.obj
 0002:00031e30       _vfwprintf_helper          00468e30 f   LIBCMTD:vfwprint.obj
 0002:00032010       __vfwprintf_l              00469010 f   LIBCMTD:vfwprint.obj
 0002:00032040       __vfwprintf_s_l            00469040 f   LIBCMTD:vfwprint.obj
 0002:00032070       __vfwprintf_p_l            00469070 f   LIBCMTD:vfwprint.obj
 0002:000320a0       _vfwprintf                 004690a0 f   LIBCMTD:vfwprint.obj
 0002:000320d0       _vfwprintf_s               004690d0 f   LIBCMTD:vfwprint.obj
 0002:00032100       __vfwprintf_p              00469100 f   LIBCMTD:vfwprint.obj
 0002:00032130       __woutput_s_l              00469130 f   LIBCMTD:woutputs.obj
 0002:00033940       __validate_param_reuseW    0046a940 f   LIBCMTD:woutputp.obj
 0002:00033c50       __woutput_p_l              0046ac50 f   LIBCMTD:woutputp.obj
 0002:000381a0       ?_RTC_GetSrcLine@@YAHPAEPA_WKPAH1K@Z 0046f1a0 f   LIBCMTD:_pdblkup_.obj
 0002:00038760       __isatty                   0046f760 f   LIBCMTD:isatty.obj
 0002:00038880       __wctomb_s_l               0046f880 f   LIBCMTD:wctomb.obj
 0002:00038c40       _wctomb_s                  0046fc40 f   LIBCMTD:wctomb.obj
 0002:00038c70       __wctomb_l                 0046fc70 f   LIBCMTD:wctomb.obj
 0002:00038d10       _wctomb                    0046fd10 f   LIBCMTD:wctomb.obj
 0002:00038d70       __isleadbyte_l             0046fd70 f i LIBCMTD:_wctype.obj
 0002:00038dd0       _isleadbyte                0046fdd0 f i LIBCMTD:_wctype.obj
 0002:00038df0       __iswalpha_l               0046fdf0 f i LIBCMTD:_wctype.obj
 0002:00038e20       _iswalpha                  0046fe20 f i LIBCMTD:_wctype.obj
 0002:00038e40       __iswupper_l               0046fe40 f i LIBCMTD:_wctype.obj
 0002:00038e60       _iswupper                  0046fe60 f i LIBCMTD:_wctype.obj
 0002:00038e80       __iswlower_l               0046fe80 f i LIBCMTD:_wctype.obj
 0002:00038ea0       _iswlower                  0046fea0 f i LIBCMTD:_wctype.obj
 0002:00038ec0       __iswdigit_l               0046fec0 f i LIBCMTD:_wctype.obj
 0002:00038ee0       _iswdigit                  0046fee0 f i LIBCMTD:_wctype.obj
 0002:00038f00       __iswxdigit_l              0046ff00 f i LIBCMTD:_wctype.obj
 0002:00038f30       _iswxdigit                 0046ff30 f i LIBCMTD:_wctype.obj
 0002:00038f50       __iswspace_l               0046ff50 f i LIBCMTD:_wctype.obj
 0002:00038f70       _iswspace                  0046ff70 f i LIBCMTD:_wctype.obj
 0002:00038f90       __iswpunct_l               0046ff90 f i LIBCMTD:_wctype.obj
 0002:00038fb0       _iswpunct                  0046ffb0 f i LIBCMTD:_wctype.obj
 0002:00038fd0       __iswalnum_l               0046ffd0 f i LIBCMTD:_wctype.obj
 0002:00039000       _iswalnum                  00470000 f i LIBCMTD:_wctype.obj
 0002:00039020       __iswprint_l               00470020 f i LIBCMTD:_wctype.obj
 0002:00039050       _iswprint                  00470050 f i LIBCMTD:_wctype.obj
 0002:00039070       __iswgraph_l               00470070 f i LIBCMTD:_wctype.obj
 0002:000390a0       _iswgraph                  004700a0 f i LIBCMTD:_wctype.obj
 0002:000390c0       __iswcntrl_l               004700c0 f i LIBCMTD:_wctype.obj
 0002:000390e0       _iswcntrl                  004700e0 f i LIBCMTD:_wctype.obj
 0002:00039100       _iswascii                  00470100 f i LIBCMTD:_wctype.obj
 0002:00039120       __iswcsym_l                00470120 f i LIBCMTD:_wctype.obj
 0002:00039170       ___iswcsym                 00470170 f i LIBCMTD:_wctype.obj
 0002:000391c0       __iswcsymf_l               004701c0 f i LIBCMTD:_wctype.obj
 0002:00039210       ___iswcsymf                00470210 f i LIBCMTD:_wctype.obj
 0002:00039260       __CrtDbgBreak              00470260 f   LIBCMTD:dbgrptt.obj
 0002:00039270       __CrtSetReportMode         00470270 f   LIBCMTD:dbgrptt.obj
 0002:00039400       __CrtSetReportFile         00470400 f   LIBCMTD:dbgrptt.obj
 0002:00039530       __CrtSetReportHook         00470530 f   LIBCMTD:dbgrptt.obj
 0002:00039560       __CrtGetReportHook         00470560 f   LIBCMTD:dbgrptt.obj
 0002:00039570       __VCrtDbgReportA           00470570 f   LIBCMTD:dbgrptt.obj
 0002:00039fa0       __VCrtDbgReportW           00470fa0 f   LIBCMTD:dbgrptt.obj
 0002:0003ab20       __swprintf                 00471b20 f   LIBCMTD:swprintf.obj
 0002:0003ad70       ___swprintf_l              00471d70 f   LIBCMTD:swprintf.obj
 0002:0003adb0       _swprintf_s                00471db0 f   LIBCMTD:swprintf.obj
 0002:0003adf0       __snwprintf_s              00471df0 f   LIBCMTD:swprintf.obj
 0002:0003ae30       __swprintf_p               00471e30 f   LIBCMTD:swprintf.obj
 0002:0003ae70       __swprintf_s_l             00471e70 f   LIBCMTD:swprintf.obj
 0002:0003aeb0       __snwprintf_s_l            00471eb0 f   LIBCMTD:swprintf.obj
 0002:0003aef0       __swprintf_p_l             00471ef0 f   LIBCMTD:swprintf.obj
 0002:0003af30       __scwprintf                00471f30 f   LIBCMTD:swprintf.obj
 0002:0003af60       __scwprintf_p              00471f60 f   LIBCMTD:swprintf.obj
 0002:0003af90       __scwprintf_l              00471f90 f   LIBCMTD:swprintf.obj
 0002:0003afc0       __scwprintf_p_l            00471fc0 f   LIBCMTD:swprintf.obj
 0002:0003aff0       __output_s_l               00471ff0 f   LIBCMTD:outputs.obj
 0002:0003cae0       __validate_param_reuseA    00473ae0 f   LIBCMTD:outputp.obj
 0002:0003cdf0       __output_p_l               00473df0 f   LIBCMTD:outputp.obj
 0002:000418b0       _get_crtdouble_arg         004788b0 f i LIBCMTD:outputp.obj
 0002:000418e0       ___crtMessageBoxA          004788e0 f   LIBCMTD:crtmbox.obj
 0002:00041b90       _strcpy_s                  00478b90 f   LIBCMTD:strcpy_s.obj
 0002:00041f20       _memmove                   00478f20 f   LIBCMTD:memmove.obj
 0002:00042360       ?_JumpToContinuation@@YGXPAXPAUEHRegistrationNode@@@Z 00479360 f   LIBCMTD:_trnsctrl_.obj
 0002:000423b0       ?_CallMemberFunction0@@YGXPAX0@Z 004793b0 f   LIBCMTD:_trnsctrl_.obj
 0002:000423c0       ?_CallMemberFunction1@@YGXPAX00@Z 004793c0 f   LIBCMTD:_trnsctrl_.obj
 0002:000423d0       ?_CallMemberFunction2@@YGXPAX00H@Z 004793d0 f   LIBCMTD:_trnsctrl_.obj
 0002:000423e0       ?_UnwindNestedFrames@@YGXPAUEHRegistrationNode@@PAUEHExceptionRecord@@@Z 004793e0 f   LIBCMTD:_trnsctrl_.obj
 0002:00042450       ___CxxFrameHandler         00479450 f   LIBCMTD:_trnsctrl_.obj
 0002:000424a0       ___CxxFrameHandler3        004794a0 f   LIBCMTD:_trnsctrl_.obj
 0002:000424f0       ___CxxFrameHandler2        004794f0 f   LIBCMTD:_trnsctrl_.obj
 0002:00042540       ___CxxLongjmpUnwind@4      00479540 f   LIBCMTD:_trnsctrl_.obj
 0002:00042580       ?_CallCatchBlock2@@YAPAXPAUEHRegistrationNode@@PBU_s_FuncInfo@@PAXHK@Z 00479580 f   LIBCMTD:_trnsctrl_.obj
 0002:00042670       ?_CallSETranslator@@YAHPAUEHExceptionRecord@@PAUEHRegistrationNode@@PAX2PBU_s_FuncInfo@@H1@Z 00479670 f   LIBCMTD:_trnsctrl_.obj
 0002:00042880       ?_GetRangeOfTrysToCheck@@YAPBU_s_TryBlockMapEntry@@PBU_s_FuncInfo@@HHPAI1@Z 00479880 f   LIBCMTD:_trnsctrl_.obj
 0002:00042920       __CreateFrameInfo          00479920 f   LIBCMTD:_trnsctrl_.obj
 0002:00042960       __IsExceptionObjectToBeDestroyed 00479960 f   LIBCMTD:_trnsctrl_.obj
 0002:000429a0       __FindAndUnlinkFrame       004799a0 f   LIBCMTD:_trnsctrl_.obj
 0002:00042a10       ___crtLCMapStringA         00479a10 f   LIBCMTD:a_map.obj
 0002:000430c0       __MarkAllocaS              0047a0c0 f i LIBCMTD:a_map.obj
 0002:000430f0       __freea                    0047a0f0 f i LIBCMTD:a_map.obj
 0002:000431d0       ___crtGetStringTypeA       0047a1d0 f   LIBCMTD:a_str.obj
 0002:00043500       ___pwctype_func            0047a500 f   LIBCMTD:ctype.obj
 0002:00043510       ___pctype_func             0047a510 f   LIBCMTD:ctype.obj
 0002:00043570       ___init_time               0047a570 f   LIBCMTD:inittime.obj
 0002:00043e50       ___free_lc_time            0047ae50 f   LIBCMTD:inittime.obj
 0002:00044220       ___init_numeric            0047b220 f   LIBCMTD:initnum.obj
 0002:00044650       ___free_lconv_num          0047b650 f   LIBCMTD:initnum.obj
 0002:000446e0       ___init_monetary           0047b6e0 f   LIBCMTD:initmon.obj
 0002:00044d20       ___free_lconv_mon          0047bd20 f   LIBCMTD:initmon.obj
 0002:00044e50       ___init_ctype              0047be50 f   LIBCMTD:initctyp.obj
 0002:00045570       ____mb_cur_max_func        0047c570 f   LIBCMTD:initctyp.obj
 0002:000455d0       ____mb_cur_max_l_func      0047c5d0 f   LIBCMTD:initctyp.obj
 0002:00045610       ____lc_codepage_func       0047c610 f   LIBCMTD:initctyp.obj
 0002:00045670       ____lc_collate_cp_func     0047c670 f   LIBCMTD:initctyp.obj
 0002:000456d0       ____lc_handle_func         0047c6d0 f   LIBCMTD:initctyp.obj
 0002:00045730       ___init_collate            0047c730 f   LIBCMTD:initcoll.obj
 0002:00045740       __Getdays_l                0047c740 f   LIBCMTD:strftime.obj
 0002:00045970       __Getdays                  0047c970 f   LIBCMTD:strftime.obj
 0002:00045990       __Getmonths_l              0047c990 f   LIBCMTD:strftime.obj
 0002:00045bc0       __Getmonths                0047cbc0 f   LIBCMTD:strftime.obj
 0002:00045be0       __Gettnames_l              0047cbe0 f   LIBCMTD:strftime.obj
 0002:000462a0       __Gettnames                0047d2a0 f   LIBCMTD:strftime.obj
 0002:000462c0       __strftime_l               0047d2c0 f   LIBCMTD:strftime.obj
 0002:000462f0       _strftime                  0047d2f0 f   LIBCMTD:strftime.obj
 0002:00046320       __Strftime                 0047d320 f   LIBCMTD:strftime.obj
 0002:00046350       __Strftime_l               0047d350 f   LIBCMTD:strftime.obj
 0002:000488d0       _localeconv                0047f8d0 f   LIBCMTD:lconv.obj
 0002:00048930       _strcmp                    0047f930 f   LIBCMTD:strcmp.obj
 0002:000489e0       _strncpy_s                 0047f9e0 f   LIBCMTD:strncpy_s.obj
 0002:00048ed0       _strcspn                   0047fed0 f   LIBCMTD:strcspn.obj
 0002:00048f30       _strncmp                   0047ff30 f   LIBCMTD:strncmp.obj
 0002:00049100       _strpbrk                   00480100 f   LIBCMTD:strpbrk.obj
 0002:00049150       _memcmp                    00480150 f   LIBCMTD:memcmp.obj
 0002:00049e70       _strcat_s                  00480e70 f   LIBCMTD:strcat_s.obj
 0002:0004a340       ___get_qualified_locale    00481340 f   LIBCMTD:getqloc.obj
 0002:0004b560       __vsprintf_l               00482560 f   LIBCMTD:vsprintf.obj
 0002:0004b730       _vsprintf                  00482730 f   LIBCMTD:vsprintf.obj
 0002:0004b760       __vscprintf_helper         00482760 f   LIBCMTD:vsprintf.obj
 0002:0004b850       __vscprintf                00482850 f   LIBCMTD:vsprintf.obj
 0002:0004b880       __vscprintf_l              00482880 f   LIBCMTD:vsprintf.obj
 0002:0004b8b0       __vscprintf_p              004828b0 f   LIBCMTD:vsprintf.obj
 0002:0004b8e0       __vscprintf_p_l            004828e0 f   LIBCMTD:vsprintf.obj
 0002:0004b910       __vsnprintf_helper         00482910 f   LIBCMTD:vsnprnc.obj
 0002:0004bb50       __vsnprintf_c              00482b50 f   LIBCMTD:vsnprnc.obj
 0002:0004bbb0       __vsnprintf_c_l            00482bb0 f   LIBCMTD:vsnprnc.obj
 0002:0004bc10       __vsprintf_s_l             00482c10 f   LIBCMTD:vsnprnc.obj
 0002:0004bf10       _vsprintf_s                00482f10 f   LIBCMTD:vsnprnc.obj
 0002:0004bf40       __vsnprintf_s_l            00482f40 f   LIBCMTD:vsnprnc.obj
 0002:0004c3c0       __vsnprintf_s              004833c0 f   LIBCMTD:vsnprnc.obj
 0002:0004c3f0       __vsprintf_p               004833f0 f   LIBCMTD:vsnprnc.obj
 0002:0004c450       __vsprintf_p_l             00483450 f   LIBCMTD:vsnprnc.obj
 0002:0004c4b0       __allmul                   004834b0 f   LIBCMTD:llmul.obj
 0002:0004c500       __isalpha_l                00483500 f i LIBCMTD:_ctype.obj
 0002:0004c5b0       _isalpha                   004835b0 f i LIBCMTD:_ctype.obj
 0002:0004c5f0       __isupper_l                004835f0 f i LIBCMTD:_ctype.obj
 0002:0004c690       _isupper                   00483690 f i LIBCMTD:_ctype.obj
 0002:0004c6d0       __islower_l                004836d0 f i LIBCMTD:_ctype.obj
 0002:0004c770       _islower                   00483770 f i LIBCMTD:_ctype.obj
 0002:0004c7b0       __isdigit_l                004837b0 f i LIBCMTD:_ctype.obj
 0002:0004c850       _isdigit                   00483850 f i LIBCMTD:_ctype.obj
 0002:0004c890       __isxdigit_l               00483890 f i LIBCMTD:_ctype.obj
 0002:0004c940       _isxdigit                  00483940 f i LIBCMTD:_ctype.obj
 0002:0004c980       __isspace_l                00483980 f i LIBCMTD:_ctype.obj
 0002:0004ca20       _isspace                   00483a20 f i LIBCMTD:_ctype.obj
 0002:0004ca60       __ispunct_l                00483a60 f i LIBCMTD:_ctype.obj
 0002:0004cb00       _ispunct                   00483b00 f i LIBCMTD:_ctype.obj
 0002:0004cb40       __isalnum_l                00483b40 f i LIBCMTD:_ctype.obj
 0002:0004cbf0       _isalnum                   00483bf0 f i LIBCMTD:_ctype.obj
 0002:0004cc30       __isprint_l                00483c30 f i LIBCMTD:_ctype.obj
 0002:0004cce0       _isprint                   00483ce0 f i LIBCMTD:_ctype.obj
 0002:0004cd20       __isgraph_l                00483d20 f i LIBCMTD:_ctype.obj
 0002:0004cdd0       _isgraph                   00483dd0 f i LIBCMTD:_ctype.obj
 0002:0004ce10       __iscntrl_l                00483e10 f i LIBCMTD:_ctype.obj
 0002:0004ceb0       _iscntrl                   00483eb0 f i LIBCMTD:_ctype.obj
 0002:0004cef0       ___isascii                 00483ef0 f i LIBCMTD:_ctype.obj
 0002:0004cf10       ___toascii                 00483f10 f i LIBCMTD:_ctype.obj
 0002:0004cf20       __iscsymf_l                00483f20 f i LIBCMTD:_ctype.obj
 0002:0004cf70       ___iscsymf                 00483f70 f i LIBCMTD:_ctype.obj
 0002:0004cfb0       __iscsym_l                 00483fb0 f i LIBCMTD:_ctype.obj
 0002:0004d000       ___iscsym                  00484000 f i LIBCMTD:_ctype.obj
 0002:0004d050       __mbtowc_l                 00484050 f   LIBCMTD:mbtowc.obj
 0002:0004d2f0       _mbtowc                    004842f0 f   LIBCMTD:mbtowc.obj
 0002:0004d320       __allshl                   00484320 f   LIBCMTD:llshl.obj
 0002:0004d350       _ungetc                    00484350 f   LIBCMTD:ungetc.obj
 0002:0004d480       __ungetc_nolock            00484480 f   LIBCMTD:ungetc.obj
 0002:0004d730       __fptrap                   00484730 f   LIBCMTD:crt0fp.obj
 0002:0004d750       ___crtGetLocaleInfoW       00484750 f   LIBCMTD:w_loc.obj
 0002:0004d7e0       ___crtGetLocaleInfoA       004847e0 f   LIBCMTD:a_loc.obj
 0002:0004da30       __alloc_osfhnd             00484a30 f   LIBCMTD:osfinfo.obj
 0002:0004dd90       __set_osfhnd               00484d90 f   LIBCMTD:osfinfo.obj
 0002:0004de90       __free_osfhnd              00484e90 f   LIBCMTD:osfinfo.obj
 0002:0004dfb0       __get_osfhandle            00484fb0 f   LIBCMTD:osfinfo.obj
 0002:0004e170       __open_osfhandle           00485170 f   LIBCMTD:osfinfo.obj
 0002:0004e430       ___lock_fhandle            00485430 f   LIBCMTD:osfinfo.obj
 0002:0004e570       __unlock_fhandle           00485570 f   LIBCMTD:osfinfo.obj
 0002:0004e5b0       __putwch                   004855b0 f   LIBCMTD:putwch.obj
 0002:0004e660       __putwch_nolock            00485660 f   LIBCMTD:putwch.obj
 0002:0004e7a0       __cputws                   004857a0 f   LIBCMTD:putwch.obj
 0002:0004e940       __lseeki64                 00485940 f   LIBCMTD:lseeki64.obj
 0002:0004ec20       __lseeki64_nolock          00485c20 f   LIBCMTD:lseeki64.obj
 0002:0004ed50       __controlfp_s              00485d50 f   LIBCMTD:_contrlfp_.obj
 0002:0004ee70       __tolower                  00485e70 f   LIBCMTD:tolower.obj
 0002:0004ee80       __tolower_l                00485e80 f   LIBCMTD:tolower.obj
 0002:0004f0d0       _tolower                   004860d0 f   LIBCMTD:tolower.obj
 0002:0004f130       __atodbl_l                 00486130 f   LIBCMTD:atodbl.obj
 0002:0004f280       __atodbl                   00486280 f   LIBCMTD:atodbl.obj
 0002:0004f2a0       __atoldbl_l                004862a0 f   LIBCMTD:atodbl.obj
 0002:0004f3f0       __atoldbl                  004863f0 f   LIBCMTD:atodbl.obj
 0002:0004f410       __atoflt_l                 00486410 f   LIBCMTD:atodbl.obj
 0002:0004f560       __atoflt                   00486560 f   LIBCMTD:atodbl.obj
 0002:0004f580       __fptostr                  00486580 f   LIBCMTD:_fptostr.obj
 0002:0004f8d0       __fltout2                  004868d0 f   LIBCMTD:_cfout_.obj
 0002:0004f9b0       ___dtold                   004869b0 f   LIBCMTD:_cfout_.obj
 0002:0004fb60       __set_output_format        00486b60 f   LIBCMTD:outputformat.obj
 0002:0004fc00       __get_output_format        00486c00 f   LIBCMTD:outputformat.obj
 0002:0004fc10       __allrem                   00486c10 f   LIBCMTD:llrem.obj
 0002:0004fcf0       __alldiv                   00486cf0 f   LIBCMTD:lldiv.obj
 0002:0004fdd0       __aullshr                  00486dd0 f   LIBCMTD:ullshr.obj
 0002:0004fe00       _strrchr                   00486e00 f   LIBCMTD:strrchr.obj
 0002:0004fe40       __open                     00486e40 f   LIBCMTD:open.obj
 0002:00050020       __sopen_helper             00487020 f   LIBCMTD:open.obj
 0002:00051710       __sopen                    00488710 f   LIBCMTD:open.obj
 0002:000517a0       __sopen_s                  004887a0 f   LIBCMTD:open.obj
 0002:000517d0       __mbsnbicmp_l              004887d0 f   LIBCMTD:mbsnbicm.obj
 0002:00051da0       __mbsnbicmp                00488da0 f   LIBCMTD:mbsnbicm.obj
 0002:00051dd0       __mbsnbcmp_l               00488dd0 f   LIBCMTD:mbsnbcmp.obj
 0002:00052170       __mbsnbcmp                 00489170 f   LIBCMTD:mbsnbcmp.obj
 0002:00052194       __global_unwind2           00489194 f   LIBCMTD:exsup.obj
 0002:000521f9       __local_unwind2            004891f9 f   LIBCMTD:exsup.obj
 0002:0005227d       __abnormal_termination     0048927d f   LIBCMTD:exsup.obj
 0002:000522a0       __NLG_Notify1              004892a0 f   LIBCMTD:exsup.obj
 0002:000522a9       __NLG_Notify               004892a9 f   LIBCMTD:exsup.obj
 0002:000522c0       __NLG_Dispatch2            004892c0     LIBCMTD:exsup.obj
 0002:000522c0       __NLG_Dispatch             004892c0     LIBCMTD:exsup.obj
 0002:000522c8       __NLG_Call                 004892c8 f   LIBCMTD:exsup.obj
 0002:000522ca       __NLG_Return2              004892ca     LIBCMTD:exsup.obj
 0002:00052320       __getbuf                   00489320 f   LIBCMTD:_getbuf.obj
 0002:00052410       _free                      00489410 f   LIBCMTD:dbgfree.obj
 0002:00052430       __ismbbkalnum_l            00489430 f   LIBCMTD:ismbbyte.obj
 0002:00052460       __ismbbkalnum              00489460 f   LIBCMTD:ismbbyte.obj
 0002:00052480       __ismbbkprint_l            00489480 f   LIBCMTD:ismbbyte.obj
 0002:000524b0       __ismbbkprint              004894b0 f   LIBCMTD:ismbbyte.obj
 0002:000524d0       __ismbbkpunct_l            004894d0 f   LIBCMTD:ismbbyte.obj
 0002:00052500       __ismbbkpunct              00489500 f   LIBCMTD:ismbbyte.obj
 0002:00052520       __ismbbalnum_l             00489520 f   LIBCMTD:ismbbyte.obj
 0002:00052550       __ismbbalnum               00489550 f   LIBCMTD:ismbbyte.obj
 0002:00052580       __ismbbalpha_l             00489580 f   LIBCMTD:ismbbyte.obj
 0002:000525b0       __ismbbalpha               004895b0 f   LIBCMTD:ismbbyte.obj
 0002:000525e0       __ismbbgraph_l             004895e0 f   LIBCMTD:ismbbyte.obj
 0002:00052610       __ismbbgraph               00489610 f   LIBCMTD:ismbbyte.obj
 0002:00052640       __ismbbprint_l             00489640 f   LIBCMTD:ismbbyte.obj
 0002:00052670       __ismbbprint               00489670 f   LIBCMTD:ismbbyte.obj
 0002:000526a0       __ismbbpunct_l             004896a0 f   LIBCMTD:ismbbyte.obj
 0002:000526d0       __ismbbpunct               004896d0 f   LIBCMTD:ismbbyte.obj
 0002:000526f0       __ismbblead_l              004896f0 f   LIBCMTD:ismbbyte.obj
 0002:00052720       __ismbblead                00489720 f   LIBCMTD:ismbbyte.obj
 0002:00052740       __ismbbtrail_l             00489740 f   LIBCMTD:ismbbyte.obj
 0002:00052770       __ismbbtrail               00489770 f   LIBCMTD:ismbbyte.obj
 0002:00052790       __ismbbkana_l              00489790 f   LIBCMTD:ismbbyte.obj
 0002:00052820       __ismbbkana                00489820 f   LIBCMTD:ismbbyte.obj
 0002:00052940       _fputwc                    00489940 f   LIBCMTD:fputwc.obj
 0002:00052a80       __fputwc_nolock            00489a80 f   LIBCMTD:fputwc.obj
 0002:00052e20       _putwc                     00489e20 f   LIBCMTD:fputwc.obj
 0002:00052e40       _wcstol                    00489e40 f   LIBCMTD:wcstol.obj
 0002:000533e0       __wcstol_l                 0048a3e0 f   LIBCMTD:wcstol.obj
 0002:00053410       _wcstoul                   0048a410 f   LIBCMTD:wcstol.obj
 0002:00053470       __wcstoul_l                0048a470 f   LIBCMTD:wcstol.obj
 0002:000534a0       __iswctype_l               0048a4a0 f   LIBCMTD:iswctype.obj
 0002:00053570       _iswctype                  0048a570 f   LIBCMTD:iswctype.obj
 0002:00053620       _is_wctype                 0048a620 f   LIBCMTD:iswctype.obj
 0002:00053640       __mbstowcs_l_helper        0048a640 f   LIBCMTD:mbstowcs.obj
 0002:00053a70       __mbstowcs_l               0048aa70 f   LIBCMTD:mbstowcs.obj
 0002:00053aa0       _mbstowcs                  0048aaa0 f   LIBCMTD:mbstowcs.obj
 0002:00053b00       __mbstowcs_s_l             0048ab00 f   LIBCMTD:mbstowcs.obj
 0002:00053f60       _mbstowcs_s                0048af60 f   LIBCMTD:mbstowcs.obj
 0002:00053f90       __itoa_s                   0048af90 f   LIBCMTD:xtoas.obj
 0002:00054440       __ltoa_s                   0048b440 f   LIBCMTD:xtoas.obj
 0002:00054490       __ultoa_s                  0048b490 f   LIBCMTD:xtoas.obj
 0002:000544c0       __i64toa_s                 0048b4c0 f   LIBCMTD:xtoas.obj
 0002:000549c0       __ui64toa_s                0048b9c0 f   LIBCMTD:xtoas.obj
 0002:000549f0       __wcstombs_l_helper        0048b9f0 f   LIBCMTD:wcstombs.obj
 0002:00055020       __wcstombs_l               0048c020 f   LIBCMTD:wcstombs.obj
 0002:00055050       _wcstombs                  0048c050 f   LIBCMTD:wcstombs.obj
 0002:00055080       __wcstombs_s_l             0048c080 f   LIBCMTD:wcstombs.obj
 0002:00055470       _wcstombs_s                0048c470 f   LIBCMTD:wcstombs.obj
 0002:000554a0       __vswprintf_l              0048c4a0 f   LIBCMTD:vswprint.obj
 0002:000556e0       __vswprintf                0048c6e0 f   LIBCMTD:vswprint.obj
 0002:00055710       ___vswprintf_l             0048c710 f   LIBCMTD:vswprint.obj
 0002:00055740       __vscwprintf_helper        0048c740 f   LIBCMTD:vswprint.obj
 0002:00055830       __vscwprintf               0048c830 f   LIBCMTD:vswprint.obj
 0002:00055860       __vscwprintf_l             0048c860 f   LIBCMTD:vswprint.obj
 0002:00055890       __vscwprintf_p             0048c890 f   LIBCMTD:vswprint.obj
 0002:000558c0       __vscwprintf_p_l           0048c8c0 f   LIBCMTD:vswprint.obj
 0002:000558f0       ___InternalCxxFrameHandler 0048c8f0 f   LIBCMTD:frame.obj
 0002:00056060       ??0bad_exception@std@@QAE@PBD@Z 0048d060 f i LIBCMTD:frame.obj
 0002:00056090       ??1bad_exception@std@@UAE@XZ 0048d090 f i LIBCMTD:frame.obj
 0002:000560c0       ??_Ebad_exception@std@@UAEPAXI@Z 0048d0c0 f i LIBCMTD:frame.obj
 0002:000560c0       ??_Gbad_exception@std@@UAEPAXI@Z 0048d0c0 f i LIBCMTD:frame.obj
 0002:00056100       ??0bad_exception@std@@QAE@ABV01@@Z 0048d100 f i LIBCMTD:frame.obj
 0002:00056310       ___TypeMatch               0048d310 f   LIBCMTD:frame.obj
 0002:000563f0       ___FrameUnwindFilter       0048d3f0 f   LIBCMTD:frame.obj
 0002:00056480       ___FrameUnwindToState      0048d480 f   LIBCMTD:frame.obj
 0002:00056b10       ___BuildCatchObjectHelper  0048db10 f   LIBCMTD:frame.obj
 0002:00056e20       ___BuildCatchObject        0048de20 f   LIBCMTD:frame.obj
 0002:00056f70       ___DestructExceptionObject 0048df70 f   LIBCMTD:frame.obj
 0002:00057050       ___AdjustPointer           0048e050 f   LIBCMTD:frame.obj
 0002:000570b0       ?__uncaught_exception@@YA_NXZ 0048e0b0 f   LIBCMTD:frame.obj
 0002:000570d0       ___CxxExceptionFilter      0048e0d0 f   LIBCMTD:frame.obj
 0002:00057330       ___CxxRegisterExceptionObject 0048e330 f   LIBCMTD:frame.obj
 0002:000574b0       ___CxxDetectRethrow        0048e4b0 f   LIBCMTD:frame.obj
 0002:00057560       ___CxxUnregisterExceptionObject 0048e560 f   LIBCMTD:frame.obj
 0002:00057740       ___CxxQueryExceptionSize   0048e740 f   LIBCMTD:frame.obj
 0002:00057750       ___CxxCallUnwindDtor       0048e750 f   LIBCMTD:frame.obj
 0002:000577f0       ___CxxCallUnwindDelDtor    0048e7f0 f   LIBCMTD:frame.obj
 0002:00057890       ___CxxCallUnwindStdDelDtor 0048e890 f   LIBCMTD:frame.obj
 0002:00057930       ___CxxCallUnwindVecDtor    0048e930 f   LIBCMTD:frame.obj
 0002:00057c00       ?_is_exception_typeof@@YAHABVtype_info@@PAU_EXCEPTION_POINTERS@@@Z 0048ec00 f   LIBCMTD:frame.obj
 0002:00057d10       __CallSettingFrame@12      0048ed10 f   LIBCMTD:lowhelpr.obj
 0002:00057d37       __NLG_Return               0048ed37     LIBCMTD:lowhelpr.obj
 0002:00057d70       _malloc                    0048ed70 f   LIBCMTD:dbgmalloc.obj
 0002:00057db0       ___ansicp                  0048edb0 f   LIBCMTD:convrtcp.obj
 0002:00057e20       ___convertcp               0048ee20 f   LIBCMTD:convrtcp.obj
 0002:00058100       __get_daylight             0048f100 f   LIBCMTD:timeset.obj
 0002:000581a0       __get_dstbias              0048f1a0 f   LIBCMTD:timeset.obj
 0002:00058240       __get_timezone             0048f240 f   LIBCMTD:timeset.obj
 0002:000582e0       __get_tzname               0048f2e0 f   LIBCMTD:timeset.obj
 0002:00058530       ___daylight                0048f530 f   LIBCMTD:timeset.obj
 0002:00058540       ___dstbias                 0048f540 f   LIBCMTD:timeset.obj
 0002:00058550       ___timezone                0048f550 f   LIBCMTD:timeset.obj
 0002:00058560       ___tzname                  0048f560 f   LIBCMTD:timeset.obj
 0002:00058570       ___tzset                   0048f570 f   LIBCMTD:tzset.obj
 0002:00058630       __tzset                    0048f630 f   LIBCMTD:tzset.obj
 0002:00058d40       __set_daylight             0048fd40 f i LIBCMTD:tzset.obj
 0002:00058d60       __set_dstbias              0048fd60 f i LIBCMTD:tzset.obj
 0002:00058d80       __set_timezone             0048fd80 f i LIBCMTD:tzset.obj
 0002:00058da0       __isindst                  0048fda0 f   LIBCMTD:tzset.obj
 0002:000595f0       __stricmp_l                004905f0 f   LIBCMTD:stricmp.obj
 0002:00059800       ___ascii_stricmp           00490800 f   LIBCMTD:stricmp.obj
 0002:00059890       __stricmp                  00490890 f   LIBCMTD:stricmp.obj
 0002:000599e0       __strnicmp_l               004909e0 f   LIBCMTD:strnicmp.obj
 0002:00059cb0       __strnicmp                 00490cb0 f   LIBCMTD:strnicmp.obj
 0002:00059ea0       ___initconin               00490ea0 f   LIBCMTD:initcon.obj
 0002:00059ed0       ___initconout              00490ed0 f   LIBCMTD:initcon.obj
 0002:00059f00       ___termcon                 00490f00 f   LIBCMTD:initcon.obj
 0002:00059f60       __statusfp2                00490f60 f   LIBCMTD:_ieee87_.obj
 0002:00059fb0       __statusfp                 00490fb0 f   LIBCMTD:_ieee87_.obj
 0002:0005a010       __clearfp                  00491010 f   LIBCMTD:_ieee87_.obj
 0002:0005a070       ___control87_2             00491070 f   LIBCMTD:_ieee87_.obj
 0002:0005a140       __controlfp                00491140 f   LIBCMTD:_ieee87_.obj
 0002:0005a170       __control87                00491170 f i LIBCMTD:_ieee87_.obj
 0002:0005a250       __set_controlfp            00491250 f   LIBCMTD:_ieee87_.obj
 0002:0005a300       __fpreset                  00491300 f   LIBCMTD:_ieee87_.obj
 0002:0005aca0       __ld12tod                  00491ca0 f   LIBCMTD:_intrncvt_.obj
 0002:0005acd0       __ld12cvt                  00491cd0 f i LIBCMTD:_intrncvt_.obj
 0002:0005afb0       __RoundMan                 00491fb0 f i LIBCMTD:_intrncvt_.obj
 0002:0005b0c0       __ZeroTail                 004920c0 f i LIBCMTD:_intrncvt_.obj
 0002:0005b170       __IncMan                   00492170 f i LIBCMTD:_intrncvt_.obj
 0002:0005b250       ___addl                    00492250 f i LIBCMTD:_intrncvt_.obj
 0002:0005b2a0       __CopyMan                  004922a0 f i LIBCMTD:_intrncvt_.obj
 0002:0005b310       __FillZeroMan              00492310 f i LIBCMTD:_intrncvt_.obj
 0002:0005b350       __IsZeroMan                00492350 f i LIBCMTD:_intrncvt_.obj
 0002:0005b3a0       __ShrMan                   004923a0 f i LIBCMTD:_intrncvt_.obj
 0002:0005b4d0       __ld12tof                  004924d0 f   LIBCMTD:_intrncvt_.obj
 0002:0005b500       __ld12told                 00492500 f   LIBCMTD:_intrncvt_.obj
 0002:0005b5e0       ___strgtold12_l            004925e0 f   LIBCMTD:_strgtold_.obj
 0002:0005c340       ___multtenpow12            00493340 f i LIBCMTD:_strgtold_.obj
 0002:0005c450       ___ld12mul                 00493450 f i LIBCMTD:_strgtold_.obj
 0002:0005c950       ___shl_12                  00493950 f i LIBCMTD:_strgtold_.obj
 0002:0005c9d0       ___shr_12                  004939d0 f i LIBCMTD:_strgtold_.obj
 0002:0005ca50       ___STRINGTOLD_L            00493a50 f   LIBCMTD:_strgtold_.obj
 0002:0005cae0       _$I10_OUTPUT               00493ae0 f   LIBCMTD:_x10fout_.obj
 0002:0005d1f0       ___add_12                  004941f0 f i LIBCMTD:_x10fout_.obj
 0002:0005d2d0       __chsize_s                 004942d0 f   LIBCMTD:chsize.obj
 0002:0005d610       __chsize_nolock            00494610 f   LIBCMTD:chsize.obj
 0002:0005d940       __chsize                   00494940 f   LIBCMTD:chsize.obj
 0002:0005d970       __setmode                  00494970 f   LIBCMTD:setmode.obj
 0002:0005dca0       __setmode_nolock           00494ca0 f   LIBCMTD:setmode.obj
 0002:0005dfa0       __set_fmode                00494fa0 f   LIBCMTD:setmode.obj
 0002:0005e080       __get_fmode                00495080 f   LIBCMTD:setmode.obj
 0002:0005e120       __flswbuf                  00495120 f   LIBCMTD:_flswbuf.obj
 0002:0005e4b0       __wchartodigit             004954b0 f   LIBCMTD:wchtodig.obj
 0002:0005e8a0       ___crtGetStringTypeW       004958a0 f   LIBCMTD:w_str.obj
 0002:0005e940       ?_ValidateRead@@YAHPBXI@Z  00495940 f   LIBCMTD:validate.obj
 0002:0005e970       ?_ValidateWrite@@YAHPAXI@Z 00495970 f   LIBCMTD:validate.obj
 0002:0005e9a0       ?_ValidateExecute@@YAHP6GHXZ@Z 004959a0 f   LIBCMTD:validate.obj
 0002:0005e9d0       __CxxThrowException@8      004959d0 f   LIBCMTD:throw.obj
 0002:0005ea40       ?name@type_info@@QBEPBDPAU__type_info_node@@@Z 00495a40 f   LIBCMTD:typinfo.obj
 0002:0005ea70       ??1type_info@@UAE@XZ       00495a70 f   LIBCMTD:typinfo.obj
 0002:0005eaa0       ??_Gtype_info@@UAEPAXI@Z   00495aa0 f i LIBCMTD:typinfo.obj
 0002:0005eaa0       ??_Etype_info@@UAEPAXI@Z   00495aa0 f i LIBCMTD:typinfo.obj
 0002:0005eae0       ?_name_internal_method@type_info@@QBEPBDPAU__type_info_node@@@Z 00495ae0 f   LIBCMTD:typinfo.obj
 0002:0005eb10       ?_type_info_dtor_internal_method@type_info@@QAEXXZ 00495b10 f   LIBCMTD:typinfo.obj
 0002:0005eb30       ??8type_info@@QBE_NABV0@@Z 00495b30 f   LIBCMTD:typinfo.obj
 0002:0005eb70       ??9type_info@@QBE_NABV0@@Z 00495b70 f   LIBCMTD:typinfo.obj
 0002:0005ebb0       ?before@type_info@@QBEHABV1@@Z 00495bb0 f   LIBCMTD:typinfo.obj
 0002:0005ebf0       ?raw_name@type_info@@QBEPBDXZ 00495bf0 f   LIBCMTD:typinfo.obj
 0002:0005ec10       ??0type_info@@AAE@ABV0@@Z  00495c10 f   LIBCMTD:typinfo.obj
 0002:0005ec40       ??4type_info@@AAEAAV0@ABV0@@Z 00495c40 f   LIBCMTD:typinfo.obj
 0002:0005ec60       ??0exception@std@@QAE@XZ   00495c60 f   LIBCMTD:stdexcpt.obj
 0002:0005eca0       ??_Gexception@std@@UAEPAXI@Z 00495ca0 f i LIBCMTD:stdexcpt.obj
 0002:0005eca0       ??_Eexception@std@@UAEPAXI@Z 00495ca0 f i LIBCMTD:stdexcpt.obj
 0002:0005ece0       ??0exception@std@@QAE@ABQBD@Z 00495ce0 f   LIBCMTD:stdexcpt.obj
 0002:0005ed90       ??0exception@std@@QAE@ABQBDH@Z 00495d90 f   LIBCMTD:stdexcpt.obj
 0002:0005edd0       ??0exception@std@@QAE@ABV01@@Z 00495dd0 f   LIBCMTD:stdexcpt.obj
 0002:0005eea0       ??4exception@std@@QAEAAV01@ABV01@@Z 00495ea0 f   LIBCMTD:stdexcpt.obj
 0002:0005ef70       ??1exception@std@@UAE@XZ   00495f70 f   LIBCMTD:stdexcpt.obj
 0002:0005efb0       ?what@exception@std@@UBEPBDXZ 00495fb0 f   LIBCMTD:stdexcpt.obj
 0002:0005efe0       ??0bad_cast@std@@QAE@PBD@Z 00495fe0 f   LIBCMTD:stdexcpt.obj
 0002:0005f010       ??_Gbad_cast@std@@UAEPAXI@Z 00496010 f i LIBCMTD:stdexcpt.obj
 0002:0005f010       ??_Ebad_cast@std@@UAEPAXI@Z 00496010 f i LIBCMTD:stdexcpt.obj
 0002:0005f050       ??0bad_cast@std@@QAE@ABV01@@Z 00496050 f   LIBCMTD:stdexcpt.obj
 0002:0005f080       ??1bad_cast@std@@UAE@XZ    00496080 f   LIBCMTD:stdexcpt.obj
 0002:0005f0b0       ??0bad_typeid@std@@QAE@PBD@Z 004960b0 f   LIBCMTD:stdexcpt.obj
 0002:0005f0e0       ??_Gbad_typeid@std@@UAEPAXI@Z 004960e0 f i LIBCMTD:stdexcpt.obj
 0002:0005f0e0       ??_Ebad_typeid@std@@UAEPAXI@Z 004960e0 f i LIBCMTD:stdexcpt.obj
 0002:0005f120       ??0bad_typeid@std@@QAE@ABV01@@Z 00496120 f   LIBCMTD:stdexcpt.obj
 0002:0005f150       ??1bad_typeid@std@@UAE@XZ  00496150 f   LIBCMTD:stdexcpt.obj
 0002:0005f180       ??0__non_rtti_object@std@@QAE@PBD@Z 00496180 f   LIBCMTD:stdexcpt.obj
 0002:0005f1b0       ??_E__non_rtti_object@std@@UAEPAXI@Z 004961b0 f i LIBCMTD:stdexcpt.obj
 0002:0005f1b0       ??_G__non_rtti_object@std@@UAEPAXI@Z 004961b0 f i LIBCMTD:stdexcpt.obj
 0002:0005f1f0       ??0__non_rtti_object@std@@QAE@ABV01@@Z 004961f0 f   LIBCMTD:stdexcpt.obj
 0002:0005f220       ??1__non_rtti_object@std@@UAE@XZ 00496220 f   LIBCMTD:stdexcpt.obj
 0002:0005f250       ??3@YAXPAX@Z               00496250 f   LIBCMTD:dbgdel.obj
 0002:0005f370       _getenv                    00496370 f   LIBCMTD:getenv.obj
 0002:0005f520       __getenv_helper_nolock     00496520 f   LIBCMTD:getenv.obj
 0002:0005f680       _getenv_s                  00496680 f   LIBCMTD:getenv.obj
 0002:0005f930       __dupenv_s                 00496930 f   LIBCMTD:getenv.obj
 0002:0005f960       __dupenv_s_dbg             00496960 f   LIBCMTD:getenv.obj
 0002:0005fc40       ___ascii_strnicmp          00496c40 f   LIBCMTD:_strnicm.obj
 0002:0005fcc0       __statfp                   00496cc0 f   LIBCMTD:_fpctrl_.obj
 0002:0005fce0       __clrfp                    00496ce0 f   LIBCMTD:_fpctrl_.obj
 0002:0005fd00       __ctrlfp                   00496d00 f   LIBCMTD:_fpctrl_.obj
 0002:0005fd40       __set_statfp               00496d40 f   LIBCMTD:_fpctrl_.obj
 0002:0005fdc0       ___get_fpsr_sse2           00496dc0 f   LIBCMTD:_fpctrl_.obj
 0002:0005fdf0       ___set_fpsr_sse2           00496df0 f   LIBCMTD:_fpctrl_.obj
 0002:0005ff00       ___fclrf_sse2              00496f00 f   LIBCMTD:_fpctrl_.obj
 0002:0005ff30       ___statfp_sse2             00496f30 f   LIBCMTD:_fpctrl_.obj
 0002:0005ff70       ___clrfp_sse2              00496f70 f   LIBCMTD:_fpctrl_.obj
 0002:0005ffc0       ___ctrlfp_sse2             00496fc0 f   LIBCMTD:_fpctrl_.obj
 0002:00060030       ___set_statfp_sse2         00497030 f   LIBCMTD:_fpctrl_.obj
 0002:00060070       ___mtold12                 00497070 f   LIBCMTD:_mantold_.obj
 0002:00060220       ?_Type_info_dtor@type_info@@CAXPAV1@@Z 00497220 f   LIBCMTD:typname.obj
 0002:00060370       ?_Name_base@type_info@@CAPBDPBV1@PAU__type_info_node@@@Z 00497370 f   LIBCMTD:typname.obj
 0002:00060580       ?_Type_info_dtor_internal@type_info@@CAXPAV1@@Z 00497580 f   LIBCMTD:typname.obj
 0002:000606d0       ___unDNameHelper           004976d0 f   LIBCMTD:typname.obj
 0002:00060720       ?_Name_base_internal@type_info@@CAPBDPBV1@PAU__type_info_node@@@Z 00497720 f   LIBCMTD:typname.obj
 0002:00060950       ___clean_type_info_names_internal 00497950 f   LIBCMTD:typname.obj
 0002:00060a30       _strnlen                   00497a30 f   LIBCMTD:strlen_s.obj
 0002:00060a80       __mbsnbicoll_l             00497a80 f   LIBCMTD:mbsnbico.obj
 0002:00060d50       __mbsnbicoll               00497d50 f   LIBCMTD:mbsnbico.obj
 0002:00060d80       ___wtomb_environ           00497d80 f   LIBCMTD:wtombenv.obj
 0002:00060eb0       ___unDName                 00497eb0 f   LIBCMTD:undname.obj
 0002:00060fc0       ?Constructor@HeapManager@@QAEXP6APAXI@ZP6AXPAX@Z@Z 00497fc0 f i LIBCMTD:undname.obj
 0002:00061010       ?Destructor@HeapManager@@QAEXXZ 00498010 f i LIBCMTD:undname.obj
 0002:00061070       ___unDNameEx               00498070 f   LIBCMTD:undname.obj
 0002:00061180       ??0UnDecorator@@QAE@PADPBDHP6APADJ@ZK@Z 00498180 f i LIBCMTD:undname.obj
 0002:00061240       ??BUnDecorator@@QAEPADXZ   00498240 f i LIBCMTD:undname.obj
 0002:00061500       ?dbGetString@DName@@QBEPADXZ 00498500 f   LIBCMTD:undname.obj
 0002:00061530       ?getDecoratedName@UnDecorator@@CA?AVDName@@XZ 00498530 f   LIBCMTD:undname.obj
 0002:00061910       ?getSymbolName@UnDecorator@@CA?AVDName@@XZ 00498910 f i LIBCMTD:undname.obj
 0002:000619a0       ?getZName@UnDecorator@@CA?AVDName@@_N0@Z 004989a0 f   LIBCMTD:undname.obj
 0002:00061cf0       ?getOperatorName@UnDecorator@@CA?AVDName@@_NPA_N@Z 00498cf0 f i LIBCMTD:undname.obj
 0002:000628b0       ?getStringEncoding@UnDecorator@@CA?AVDName@@PADH@Z 004998b0 f   LIBCMTD:undname.obj
 0002:000629f0       ?getScope@UnDecorator@@CA?AVDName@@XZ 004999f0 f   LIBCMTD:undname.obj
 0002:00062ec0       ?getSignedDimension@UnDecorator@@CA?AVDName@@XZ 00499ec0 f   LIBCMTD:undname.obj
 0002:00062f60       ?getDimension@UnDecorator@@CA?AVDName@@_N@Z 00499f60 f   LIBCMTD:undname.obj
 0002:000632c0       ?getNumberOfDimensions@UnDecorator@@CAHXZ 0049a2c0 f   LIBCMTD:undname.obj
 0002:00063400       ?getTemplateName@UnDecorator@@CA?AVDName@@_N@Z 0049a400 f   LIBCMTD:undname.obj
 0002:00063630       ?getTemplateArgumentList@UnDecorator@@CA?AVDName@@XZ 0049a630 f   LIBCMTD:undname.obj
 0002:00063950       ?getTemplateConstant@UnDecorator@@CA?AVDName@@XZ 0049a950 f   LIBCMTD:undname.obj
 0002:00063f00       ?composeDeclaration@UnDecorator@@CA?AVDName@@ABV2@@Z 0049af00 f i LIBCMTD:undname.obj
 0002:00065a70       ?getTypeEncoding@UnDecorator@@CAHXZ 0049ca70 f i LIBCMTD:undname.obj
 0002:00066740       ?getBasedType@UnDecorator@@CA?AVDName@@XZ 0049d740 f   LIBCMTD:undname.obj
 0002:00066830       ?getScopedName@UnDecorator@@CA?AVDName@@XZ 0049d830 f   LIBCMTD:undname.obj
 0002:00066990       ?getCallingConvention@UnDecorator@@CA?AVDName@@XZ 0049d990 f   LIBCMTD:undname.obj
 0002:00066b40       ?getReturnType@UnDecorator@@CA?AVDName@@PAV2@@Z 0049db40 f   LIBCMTD:undname.obj
 0002:00066ba0       ?getDataType@UnDecorator@@CA?AVDName@@PAV2@@Z 0049dba0 f   LIBCMTD:undname.obj
[...]
 0004:00000f64       __First_FPE_Indx           004bef64     LIBCMTD:winxfltr.obj
 0004:00000f68       __Num_FPE                  004bef68     LIBCMTD:winxfltr.obj
 0004:00000f6c       __XcptActTabSize           004bef6c     LIBCMTD:winxfltr.obj
 0004:00000f70       __XcptActTabCount          004bef70     LIBCMTD:winxfltr.obj
 0004:00000f78       __cfltcvt_tab              004bef78     LIBCMTD:cmiscdat.obj
 0004:00001088       __lookuptrailbytes         004bf088     LIBCMTD:read.obj
 0004:000011c8       __crtAssertBusy            004bf1c8     LIBCMTD:dbgrptt.obj
 0004:000011cc       __CrtDbgMode               004bf1cc     LIBCMTD:dbgrptt.obj
 0004:000011d8       __CrtDbgFile               004bf1d8     LIBCMTD:dbgrptt.obj
 0004:000011f0       __pctype                   004bf1f0     LIBCMTD:ctype.obj
 0004:000011f4       __pwctype                  004bf1f4     LIBCMTD:ctype.obj
 0004:00001200       ___lc_time_c               004bf200     LIBCMTD:strftime.obj
 0004:000012dc       ___lc_time_curr            004bf2dc     LIBCMTD:strftime.obj
 0004:000012e0       ___lconv_static_decimal    004bf2e0     LIBCMTD:lconv.obj
 0004:000012e4       ___lconv_c                 004bf2e4     LIBCMTD:lconv.obj
 0004:00001314       ___lconv                   004bf314     LIBCMTD:lconv.obj
 0004:00001330       ___mb_cur_max              004bf330     LIBCMTD:nlsdata1.obj
 0004:00001334       ___decimal_point           004bf334     LIBCMTD:nlsdata1.obj
 0004:00001338       ___decimal_point_length    004bf338     LIBCMTD:nlsdata1.obj
 0004:00001350       __NLG_Destination          004bf350     LIBCMTD:exsup.obj
 0004:00001368       ??_R0?AVbad_exception@std@@@8 004bf368     LIBCMTD:frame.obj
 0004:00001390       ??_R0?AVexception@std@@@8  004bf390     LIBCMTD:frame.obj
 0004:000013c0       __timezone                 004bf3c0     LIBCMTD:timeset.obj
 0004:000013c4       __daylight                 004bf3c4     LIBCMTD:timeset.obj
 0004:000013c8       __dstbias                  004bf3c8     LIBCMTD:timeset.obj
 0004:00001450       __tzname                   004bf450     LIBCMTD:timeset.obj
 0004:00001494       __coninpfh                 004bf494     LIBCMTD:initcon.obj
 0004:00001498       __confh                    004bf498     LIBCMTD:initcon.obj
 0004:000014e0       ??_R0?AVtype_info@@@8      004bf4e0     LIBCMTD:typinfo.obj
 0004:00001500       ??_R0?AVbad_cast@std@@@8   004bf500     LIBCMTD:stdexcpt.obj
 0004:00001520       ??_R0?AVbad_typeid@std@@@8 004bf520     LIBCMTD:stdexcpt.obj
 0004:00001544       ??_R0?AV__non_rtti_object@std@@@8 004bf544     LIBCMTD:stdexcpt.obj
 0004:00001570       __lpdays                   004bf570     LIBCMTD:days.obj
 0004:000015a4       __days                     004bf5a4     LIBCMTD:days.obj
 0004:00001618       __pow10pos                 004bf618     LIBCMTD:_constpow_.obj
 0004:00001778       __pow10neg                 004bf778     LIBCMTD:_constpow_.obj
 0004:00001ac0       _optreset                  004bfac0     getopt.obj
 0004:00001ae0       _g_stMemTab                004bfae0     main.obj
 0004:00001b10       __cflush                   004bfb10     LIBCMTD:_file.obj
 0004:00001b28       ?_pfnDumpClient@@3P6AXPAXI@ZA 004bfb28     LIBCMTD:dbgheap.obj
 0004:00001b30       ___crtDebugCheckCount      004bfb30     LIBCMTD:dbgheap.obj
 0004:00001b5c       __umaskval                 004bfb5c     LIBCMTD:crt0dat.obj
 0004:00001b60       ___argc                    004bfb60     LIBCMTD:crt0dat.obj
 0004:00001b64       ___argv                    004bfb64     LIBCMTD:crt0dat.obj
 0004:00001b68       ___wargv                   004bfb68     LIBCMTD:crt0dat.obj
 0004:00001b6c       __environ                  004bfb6c     LIBCMTD:crt0dat.obj
 0004:00001b70       ___initenv                 004bfb70     LIBCMTD:crt0dat.obj
 0004:00001b74       __wenviron                 004bfb74     LIBCMTD:crt0dat.obj
 0004:00001b78       ___winitenv                004bfb78     LIBCMTD:crt0dat.obj
 0004:00001b7c       __pgmptr                   004bfb7c     LIBCMTD:crt0dat.obj
 0004:00001b80       __wpgmptr                  004bfb80     LIBCMTD:crt0dat.obj
 0004:00001b84       __exitflag                 004bfb84     LIBCMTD:crt0dat.obj
 0004:00001b88       __C_Termination_Done       004bfb88     LIBCMTD:crt0dat.obj
 0004:00001b8c       __C_Exit_Done              004bfb8c     LIBCMTD:crt0dat.obj
 0004:00001ba0       ___fastflag                004bfba0     LIBCMTD:_fpinit_.obj
 0004:00001ba4       __adjust_fdiv              004bfba4     LIBCMTD:_fpinit_.obj
 0004:00001bac       __aenvptr                  004bfbac     LIBCMTD:crt0.obj
 0004:00001bb0       __wenvptr                  004bfbb0     LIBCMTD:crt0.obj
 0004:00001bb4       ___error_mode              004bfbb4     LIBCMTD:crt0.obj
 0004:00001bd4       ___pInvalidArgHandler      004bfbd4     LIBCMTD:invarg.obj
 0004:00001bd8       ?wsprintffp@@3P6AHPADPBDZZA 004bfbd8     LIBCMTD:_error_.obj
 0004:00001be8       __stdbuf                   004bfbe8     LIBCMTD:_sftbuf.obj
 0004:00001da8       __newmode                  004bfda8     LIBCMTD:_newmode.obj
 0004:00001dac       ?_pnhHeap@@3P6AHI@ZA       004bfdac     LIBCMTD:handler.obj
 0004:00001dbc       __crtheap                  004bfdbc     LIBCMTD:heapinit.obj
 0004:00001dc0       ___sbh_pHeaderDefer        004bfdc0     LIBCMTD:sbheap.obj
 0004:00001dc8       ___mbulinfo                004bfdc8     LIBCMTD:mbctype.obj
 0004:00001dd4       ___mbcodepage              004bfdd4     LIBCMTD:mbctype.obj
 0004:00001dd8       ___ismbcodepage            004bfdd8     LIBCMTD:mbctype.obj
 0004:00001ddc       ___mblcid                  004bfddc     LIBCMTD:mbctype.obj
 0004:00001de8       ___locale_changed          004bfde8     LIBCMTD:setlocal.obj
 0004:00001dec       ___lc_handle               004bfdec     LIBCMTD:nlsdata2.obj
 0004:00001e04       ___lc_codepage             004bfe04     LIBCMTD:nlsdata2.obj
 0004:00001e08       ___lc_collate_cp           004bfe08     LIBCMTD:nlsdata2.obj
 0004:00001e14       _gpFlsAlloc                004bfe14     LIBCMTD:tidtable.obj
 0004:00001e18       _gpFlsGetValue             004bfe18     LIBCMTD:tidtable.obj
 0004:00001e1c       _gpFlsSetValue             004bfe1c     LIBCMTD:tidtable.obj
 0004:00001e20       _gpFlsFree                 004bfe20     LIBCMTD:tidtable.obj
 0004:000025a4       ?__pInconsistency@@3P6AXXZA 004c05a4     LIBCMTD:hooks.obj
 0004:000025b4       ___pPurecall               004c05b4     LIBCMTD:inithelp.obj
 0004:0000272c       ___lconv_static_null       004c072c     LIBCMTD:lconv.obj
 0004:00002734       __outputformat             004c0734     LIBCMTD:outputformat.obj
 0004:00002738       __commode                  004c0738     LIBCMTD:ncommode.obj
 0004:0000281c       __fmode                    004c081c     LIBCMTD:txtmode.obj
 0004:00002840       ?pArgList@UnDecorator@@0PAVReplicator@@A 004c0840     LIBCMTD:undname.obj
 0004:00002844       ?pZNameList@UnDecorator@@0PAVReplicator@@A 004c0844     LIBCMTD:undname.obj
 0004:00002848       ?pTemplateArgList@UnDecorator@@0PAVReplicator@@A 004c0848     LIBCMTD:undname.obj
 0004:0000284c       ?gName@UnDecorator@@0PBDB  004c084c     LIBCMTD:undname.obj
 0004:00002850       ?name@UnDecorator@@0PBDB   004c0850     LIBCMTD:undname.obj
 0004:00002854       ?outputString@UnDecorator@@0PADA 004c0854     LIBCMTD:undname.obj
 0004:00002858       ?maxStringLength@UnDecorator@@0HA 004c0858     LIBCMTD:undname.obj
 0004:0000285c       ?disableFlags@UnDecorator@@0KA 004c085c     LIBCMTD:undname.obj
 0004:00002860       ?m_pGetParameter@UnDecorator@@0P6APADJ@ZA 004c0860     LIBCMTD:undname.obj
 0004:00002864       ?fExplicitTemplateParams@UnDecorator@@0_NA 004c0864     LIBCMTD:undname.obj
 0004:00002865       ?fGetTemplateArgumentList@UnDecorator@@0_NA 004c0865     LIBCMTD:undname.obj
 0004:000028d8       ?nodes@?1??make@DNameStatusNode@@SAPAV2@W4DNameStatus@@@Z@4PAV2@A 004c08d8     LIBCMTD:undname.obj
 0004:00002914       ??_B?1??make@DNameStatusNode@@SAPAV1@W4DNameStatus@@@Z@51 004c0914     LIBCMTD:undname.obj
 0004:0000291c       _optopt                    004c091c     <common>
 0004:0000292c       _optarg                    004c092c     <common>
 0004:00002930       __pfnReportHook            004c0930     <common>
 0004:00002940       __pReportHookListW         004c0940     <common>
 0004:00002944       __pReportHookList          004c0944     <common>
 0004:00002948       ___sse2_available          004c0948     <common>
 0004:00002954       ___setlc_active            004c0954     <common>
 0004:00002964       ___unguarded_readlc_active 004c0964     <common>
 0004:00002968       ___sbh_initialized         004c0968     <common>
 0004:0000297c       ___sbh_cntHeaderList       004c097c     <common>
 0004:00002980       ___sbh_pHeaderList         004c0980     <common>
 0004:00002984       ___sbh_threshold           004c0984     <common>
 0004:00002988       ___sbh_pHeaderScan         004c0988     <common>
 0004:0000298c       ___sbh_sizeHeaderList      004c098c     <common>
 0004:00002990       ___sbh_indGroupDefer       004c0990     <common>
 0004:00002994       ___active_heap             004c0994     <common>
 0004:000029a0       __debugger_hook_dummy      004c09a0     <common>
 0004:000029ac       __nhandle                  004c09ac     <common>
 0004:00002a00       ___pioinfo                 004c0a00     <common>
 0004:00002b00       __acmdln                   004c0b00     <common>
 0004:00002b0c       ___env_initialized         004c0b0c     <common>
 0004:00002b20       ___onexitend               004c0b20     <common>
 0004:00002b24       ___onexitbegin             004c0b24     <common>
 0004:00002b28       ___mbctype_initialized     004c0b28     <common>
 0004:00002b2c       ___dyn_tls_init_callback   004c0b2c     <common>
 0004:00002b30       ___piob                    004c0b30     <common>
 0004:00002e80       __bufin                    004c0e80     <common>
 0004:00003e80       __nstream                  004c1e80     <common>
 0005:00000000       __IMPORT_DESCRIPTOR_KERNEL32 004c2000     kernel32:KERNEL32.dll
 0005:00000014       __IMPORT_DESCRIPTOR_hwmedia 004c2014     hwmedia:hwmedia.dll
 0005:00000028       __NULL_IMPORT_DESCRIPTOR   004c2028     kernel32:KERNEL32.dll
 0005:000002a0       __imp__WaitForSingleObject@8 004c22a0     kernel32:KERNEL32.dll
 0005:000002a4       __imp__InitializeCriticalSection@4 004c22a4     kernel32:KERNEL32.dll
 0005:000002a8       __imp__DeleteCriticalSection@4 004c22a8     kernel32:KERNEL32.dll
 0005:000002ac       __imp__GetCurrentThreadId@0 004c22ac     kernel32:KERNEL32.dll
 0005:000002b0       __imp__EnterCriticalSection@4 004c22b0     kernel32:KERNEL32.dll
 0005:000002b4       __imp__LeaveCriticalSection@4 004c22b4     kernel32:KERNEL32.dll
 0005:000002b8       __imp__CompareStringW@24   004c22b8     kernel32:KERNEL32.dll
 0005:000002bc       __imp__CompareStringA@24   004c22bc     kernel32:KERNEL32.dll
 0005:000002c0       __imp__SetEndOfFile@4      004c22c0     kernel32:KERNEL32.dll
 0005:000002c4       __imp__GetTimeZoneInformation@4 004c22c4     kernel32:KERNEL32.dll
 0005:000002c8       __imp__CreateFileA@28      004c22c8     kernel32:KERNEL32.dll
 0005:000002cc       __imp__GetConsoleOutputCP@0 004c22cc     kernel32:KERNEL32.dll
 0005:000002d0       __imp__WriteConsoleA@20    004c22d0     kernel32:KERNEL32.dll
 0005:000002d4       __imp__SetStdHandle@8      004c22d4     kernel32:KERNEL32.dll
 0005:000002d8       __imp__GetLocaleInfoW@16   004c22d8     kernel32:KERNEL32.dll
 0005:000002dc       __imp__GetUserDefaultLCID@0 004c22dc     kernel32:KERNEL32.dll
 0005:000002e0       __imp__GetModuleFileNameW@12 004c22e0     kernel32:KERNEL32.dll
 0005:000002e4       __imp__WriteConsoleW@20    004c22e4     kernel32:KERNEL32.dll
 0005:000002e8       __imp__GetFileType@4       004c22e8     kernel32:KERNEL32.dll
 0005:000002ec       __imp__GetStdHandle@4      004c22ec     kernel32:KERNEL32.dll
 0005:000002f0       __imp__HeapValidate@12     004c22f0     kernel32:KERNEL32.dll
 0005:000002f4       __imp__IsBadReadPtr@8      004c22f4     kernel32:KERNEL32.dll
 0005:000002f8       __imp__GetLastError@0      004c22f8     kernel32:KERNEL32.dll
 0005:000002fc       __imp__SetConsoleCtrlHandler@8 004c22fc     kernel32:KERNEL32.dll
 0005:00000300       __imp__CreateThread@24     004c2300     kernel32:KERNEL32.dll
 0005:00000304       __imp__ExitThread@4        004c2304     kernel32:KERNEL32.dll
 0005:00000308       __imp__GetModuleHandleW@4  004c2308     kernel32:KERNEL32.dll
 0005:0000030c       __imp__Sleep@4             004c230c     kernel32:KERNEL32.dll
 0005:00000310       __imp__InterlockedIncrement@4 004c2310     kernel32:KERNEL32.dll
 0005:00000314       __imp__InterlockedDecrement@4 004c2314     kernel32:KERNEL32.dll
 0005:00000318       __imp__GetProcAddress@8    004c2318     kernel32:KERNEL32.dll
 0005:0000031c       __imp__ExitProcess@4       004c231c     kernel32:KERNEL32.dll
 0005:00000320       __imp__GetCommandLineA@0   004c2320     kernel32:KERNEL32.dll
 0005:00000324       __imp__LoadLibraryW@4      004c2324     kernel32:KERNEL32.dll
 0005:00000328       __imp__UnhandledExceptionFilter@4 004c2328     kernel32:KERNEL32.dll
 0005:0000032c       __imp__SetUnhandledExceptionFilter@4 004c232c     kernel32:KERNEL32.dll
 0005:00000330       __imp__TerminateProcess@8  004c2330     kernel32:KERNEL32.dll
 0005:00000334       __imp__GetCurrentProcess@0 004c2334     kernel32:KERNEL32.dll
 0005:00000338       __imp__IsDebuggerPresent@0 004c2338     kernel32:KERNEL32.dll
 0005:0000033c       __imp__RaiseException@16   004c233c     kernel32:KERNEL32.dll
 0005:00000340       __imp__DebugBreak@0        004c2340     kernel32:KERNEL32.dll
 0005:00000344       __imp__WideCharToMultiByte@32 004c2344     kernel32:KERNEL32.dll
 0005:00000348       __imp__MultiByteToWideChar@24 004c2348     kernel32:KERNEL32.dll
 0005:0000034c       __imp__lstrlenA@4          004c234c     kernel32:KERNEL32.dll
 0005:00000350       __imp__LoadLibraryA@4      004c2350     kernel32:KERNEL32.dll
 0005:00000354       __imp__SetHandleCount@4    004c2354     kernel32:KERNEL32.dll
 0005:00000358       __imp__GetStartupInfoA@4   004c2358     kernel32:KERNEL32.dll
 0005:0000035c       __imp__FatalAppExitA@8     004c235c     kernel32:KERNEL32.dll
 0005:00000360       __imp__HeapAlloc@12        004c2360     kernel32:KERNEL32.dll
 0005:00000364       __imp__GetModuleFileNameA@12 004c2364     kernel32:KERNEL32.dll
 0005:00000368       __imp__HeapSize@12         004c2368     kernel32:KERNEL32.dll
 0005:0000036c       __imp__HeapReAlloc@16      004c236c     kernel32:KERNEL32.dll
 0005:00000370       __imp__HeapFree@12         004c2370     kernel32:KERNEL32.dll
 0005:00000374       __imp__HeapDestroy@4       004c2374     kernel32:KERNEL32.dll
 0005:00000378       __imp__HeapCreate@12       004c2378     kernel32:KERNEL32.dll
 0005:0000037c       __imp__VirtualFree@12      004c237c     kernel32:KERNEL32.dll
 0005:00000380       __imp__VirtualAlloc@16     004c2380     kernel32:KERNEL32.dll
 0005:00000384       __imp__GetACP@0            004c2384     kernel32:KERNEL32.dll
 0005:00000388       __imp__GetOEMCP@0          004c2388     kernel32:KERNEL32.dll
 0005:0000038c       __imp__GetCPInfo@8         004c238c     kernel32:KERNEL32.dll
 0005:00000390       __imp__IsValidCodePage@4   004c2390     kernel32:KERNEL32.dll
 0005:00000394       __imp__TlsGetValue@4       004c2394     kernel32:KERNEL32.dll
 0005:00000398       __imp__TlsAlloc@0          004c2398     kernel32:KERNEL32.dll
 0005:0000039c       __imp__TlsSetValue@8       004c239c     kernel32:KERNEL32.dll
 0005:000003a0       __imp__TlsFree@4           004c23a0     kernel32:KERNEL32.dll
 0005:000003a4       __imp__SetLastError@4      004c23a4     kernel32:KERNEL32.dll
 0005:000003a8       __imp__GetCurrentThread@0  004c23a8     kernel32:KERNEL32.dll
 0005:000003ac       __imp__WriteFile@20        004c23ac     kernel32:KERNEL32.dll
 0005:000003b0       __imp__FreeLibrary@4       004c23b0     kernel32:KERNEL32.dll
 0005:000003b4       __imp__InterlockedExchange@8 004c23b4     kernel32:KERNEL32.dll
 0005:000003b8       __imp__InitializeCriticalSectionAndSpinCount@8 004c23b8     kernel32:KERNEL32.dll
 0005:000003bc       __imp__FlushFileBuffers@4  004c23bc     kernel32:KERNEL32.dll
 0005:000003c0       __imp__GetConsoleCP@0      004c23c0     kernel32:KERNEL32.dll
 0005:000003c4       __imp__GetConsoleMode@8    004c23c4     kernel32:KERNEL32.dll
 0005:000003c8       __imp__GetModuleHandleA@4  004c23c8     kernel32:KERNEL32.dll
 0005:000003cc       __imp__CloseHandle@4       004c23cc     kernel32:KERNEL32.dll
 0005:000003d0       __imp__SetFilePointer@16   004c23d0     kernel32:KERNEL32.dll
 0005:000003d4       __imp__RtlUnwind@16        004c23d4     kernel32:KERNEL32.dll
 0005:000003d8       __imp__ReadFile@20         004c23d8     kernel32:KERNEL32.dll
 0005:000003dc       __imp__QueryPerformanceCounter@4 004c23dc     kernel32:KERNEL32.dll
 0005:000003e0       __imp__GetTickCount@0      004c23e0     kernel32:KERNEL32.dll
 0005:000003e4       __imp__GetCurrentProcessId@0 004c23e4     kernel32:KERNEL32.dll
 0005:000003e8       __imp__GetSystemTimeAsFileTime@4 004c23e8     kernel32:KERNEL32.dll
 0005:000003ec       __imp__FreeEnvironmentStringsA@4 004c23ec     kernel32:KERNEL32.dll
 0005:000003f0       __imp__GetEnvironmentStrings@0 004c23f0     kernel32:KERNEL32.dll
 0005:000003f4       __imp__FreeEnvironmentStringsW@4 004c23f4     kernel32:KERNEL32.dll
 0005:000003f8       __imp__GetEnvironmentStringsW@0 004c23f8     kernel32:KERNEL32.dll
 0005:000003fc       __imp__GetProcessHeap@0    004c23fc     kernel32:KERNEL32.dll
 0005:00000400       __imp__VirtualQuery@12     004c2400     kernel32:KERNEL32.dll
 0005:00000404       __imp__OutputDebugStringA@4 004c2404     kernel32:KERNEL32.dll
 0005:00000408       __imp__OutputDebugStringW@4 004c2408     kernel32:KERNEL32.dll
 0005:0000040c       __imp__LCMapStringA@24     004c240c     kernel32:KERNEL32.dll
 0005:00000410       __imp__LCMapStringW@24     004c2410     kernel32:KERNEL32.dll
 0005:00000414       __imp__GetStringTypeA@20   004c2414     kernel32:KERNEL32.dll
 0005:00000418       __imp__GetStringTypeW@16   004c2418     kernel32:KERNEL32.dll
 0005:0000041c       __imp__GetTimeFormatA@24   004c241c     kernel32:KERNEL32.dll
 0005:00000420       __imp__GetDateFormatA@24   004c2420     kernel32:KERNEL32.dll
 0005:00000424       __imp__GetLocaleInfoA@16   004c2424     kernel32:KERNEL32.dll
 0005:00000428       __imp__IsValidLocale@8     004c2428     kernel32:KERNEL32.dll
 0005:0000042c       __imp__EnumSystemLocalesA@8 004c242c     kernel32:KERNEL32.dll
 0005:00000430       __imp__SetEnvironmentVariableA@8 004c2430     kernel32:KERNEL32.dll
 0005:00000434       \177KERNEL32_NULL_THUNK_DATA 004c2434     kernel32:KERNEL32.dll
 0005:000004b0       __imp__IMedia_Viddec_Delete 004c24b0     hwmedia:hwmedia.dll
 0005:000004b4       __imp__IMedia_Viddec_FrameParse 004c24b4     hwmedia:hwmedia.dll
 0005:000004b8       __imp__IMedia_OS_Milliseconds 004c24b8     hwmedia:hwmedia.dll
 0005:000004bc       __imp__IMedia_Viddec_FrameDecode 004c24bc     hwmedia:hwmedia.dll
 0005:000004c0       __imp__IMedia_Viddec_ProbeHeader 004c24c0     hwmedia:hwmedia.dll
 0005:000004c4       __imp__IMedia_Viddec_QueryMemSize 004c24c4     hwmedia:hwmedia.dll
 0005:000004c8       __imp__IMedia_Viddec_Create 004c24c8     hwmedia:hwmedia.dll
 0005:000004cc       __imp__IMedia_Viddec_Control 004c24cc     hwmedia:hwmedia.dll
 0005:000004d0       __imp__IMedia_SetSysInfo   004c24d0     hwmedia:hwmedia.dll
 0005:000004d4       \177hwmedia_NULL_THUNK_DATA 004c24d4     hwmedia:hwmedia.dll

 entry point at        0002:00000dc0

